INFO: Running with entropic power schedule (0xFF, 100).
INFO: Seed: 3987974979
INFO: Loaded 1 modules   (3349 inline 8-bit counters): 3349 [0x559f9e6077f0, 0x559f9e608505), 
INFO: Loaded 1 PC tables (3349 PCs): 3349 [0x559f9e608508,0x559f9e615658), 
INFO:    10533 files found in /mnt/c/Users/Komplaza/Documents/GitHub/aura-lang/fuzz/corpus/fuzz_fmt
INFO: -max_len is not provided; libFuzzer will not generate inputs larger than 4096 bytes
INFO: seed corpus: files: 10533 min: 1b max: 2278b total: 2979605b rss: 43Mb
#2	pulse  ft: 163 exec/s: 0 rss: 44Mb
#4	pulse  cov: 308 ft: 380 corp: 2/2b exec/s: 0 rss: 44Mb
#8	pulse  cov: 389 ft: 453 corp: 6/6b exec/s: 1 rss: 44Mb
#16	pulse  cov: 427 ft: 508 corp: 13/13b exec/s: 2 rss: 45Mb
#32	pulse  cov: 503 ft: 693 corp: 26/33b exec/s: 5 rss: 45Mb
#64	pulse  cov: 576 ft: 862 corp: 51/83b exec/s: 10 rss: 47Mb
#128	pulse  cov: 658 ft: 1227 corp: 94/200b exec/s: 21 rss: 49Mb
#256	pulse  cov: 786 ft: 1743 corp: 161/464b exec/s: 42 rss: 53Mb
#512	pulse  cov: 847 ft: 2079 corp: 244/948b exec/s: 73 rss: 59Mb
#1024	pulse  cov: 973 ft: 2787 corp: 392/2282b exec/s: 128 rss: 70Mb
#2048	pulse  cov: 1162 ft: 3620 corp: 561/5174b exec/s: 227 rss: 90Mb
#4096	pulse  cov: 1289 ft: 4987 corp: 808/15877b exec/s: 341 rss: 144Mb
#8192	pulse  cov: 1325 ft: 6617 corp: 1169/83Kb exec/s: 431 rss: 386Mb
#10534	INITED cov: 1326 ft: 7181 corp: 1359/262Kb exec/s: 438 rss: 578Mb
#11740	REDUCE cov: 1326 ft: 7181 corp: 1359/262Kb lim: 2300 exec/s: 489 rss: 578Mb L: 56/2278 MS: 1 EraseBytes-
#12547	REDUCE cov: 1326 ft: 7181 corp: 1359/262Kb lim: 2300 exec/s: 501 rss: 578Mb L: 10/2278 MS: 2 ShuffleBytes-EraseBytes-
#12558	REDUCE cov: 1326 ft: 7181 corp: 1359/262Kb lim: 2300 exec/s: 502 rss: 578Mb L: 12/2278 MS: 1 EraseBytes-
#12870	REDUCE cov: 1326 ft: 7181 corp: 1359/262Kb lim: 2300 exec/s: 514 rss: 578Mb L: 14/2278 MS: 2 EraseBytes-InsertByte-
#13581	REDUCE cov: 1326 ft: 7181 corp: 1359/262Kb lim: 2300 exec/s: 543 rss: 578Mb L: 54/2278 MS: 1 EraseBytes-
#13837	REDUCE cov: 1326 ft: 7181 corp: 1359/262Kb lim: 2300 exec/s: 553 rss: 578Mb L: 28/2278 MS: 1 EraseBytes-
#14155	REDUCE cov: 1326 ft: 7181 corp: 1359/262Kb lim: 2300 exec/s: 566 rss: 578Mb L: 26/2278 MS: 3 ChangeBit-ShuffleBytes-EraseBytes-
#14246	REDUCE cov: 1326 ft: 7181 corp: 1359/262Kb lim: 2300 exec/s: 569 rss: 578Mb L: 43/2278 MS: 1 EraseBytes-
#15422	REDUCE cov: 1326 ft: 7181 corp: 1359/262Kb lim: 2311 exec/s: 616 rss: 578Mb L: 39/2278 MS: 1 EraseBytes-
#15853	REDUCE cov: 1326 ft: 7181 corp: 1359/262Kb lim: 2311 exec/s: 634 rss: 578Mb L: 230/2278 MS: 1 EraseBytes-
#16384	pulse  cov: 1326 ft: 7181 corp: 1359/262Kb lim: 2311 exec/s: 655 rss: 578Mb
#16679	REDUCE cov: 1326 ft: 7181 corp: 1359/262Kb lim: 2311 exec/s: 667 rss: 578Mb L: 14/2278 MS: 1 EraseBytes-
#17302	REDUCE cov: 1326 ft: 7181 corp: 1359/262Kb lim: 2311 exec/s: 692 rss: 578Mb L: 53/2278 MS: 3 InsertByte-EraseBytes-ShuffleBytes-
#17313	REDUCE cov: 1326 ft: 7181 corp: 1359/262Kb lim: 2311 exec/s: 692 rss: 578Mb L: 84/2278 MS: 1 EraseBytes-
#17400	REDUCE cov: 1326 ft: 7181 corp: 1359/262Kb lim: 2311 exec/s: 696 rss: 578Mb L: 21/2278 MS: 2 CrossOver-EraseBytes-
#17897	REDUCE cov: 1326 ft: 7181 corp: 1359/262Kb lim: 2311 exec/s: 715 rss: 578Mb L: 38/2278 MS: 2 ShuffleBytes-EraseBytes-
#17911	REDUCE cov: 1326 ft: 7181 corp: 1359/262Kb lim: 2311 exec/s: 716 rss: 578Mb L: 232/2278 MS: 4 CrossOver-InsertByte-CopyPart-EraseBytes-
#17956	REDUCE cov: 1326 ft: 7181 corp: 1359/262Kb lim: 2311 exec/s: 718 rss: 578Mb L: 10/2278 MS: 5 ShuffleBytes-ChangeBinInt-EraseBytes-InsertByte-CrossOver-
#17983	REDUCE cov: 1326 ft: 7181 corp: 1359/262Kb lim: 2311 exec/s: 719 rss: 578Mb L: 10/2278 MS: 2 ShuffleBytes-EraseBytes-
#18080	REDUCE cov: 1326 ft: 7181 corp: 1359/261Kb lim: 2311 exec/s: 723 rss: 578Mb L: 200/2278 MS: 2 ShuffleBytes-EraseBytes-
#18166	REDUCE cov: 1326 ft: 7181 corp: 1359/261Kb lim: 2311 exec/s: 726 rss: 578Mb L: 158/2278 MS: 1 EraseBytes-
#18257	REDUCE cov: 1326 ft: 7181 corp: 1359/261Kb lim: 2311 exec/s: 730 rss: 578Mb L: 79/2278 MS: 1 EraseBytes-
#18853	NEW    cov: 1326 ft: 7182 corp: 1360/262Kb lim: 2311 exec/s: 754 rss: 578Mb L: 1156/2278 MS: 1 CopyPart-
#18996	REDUCE cov: 1326 ft: 7182 corp: 1360/262Kb lim: 2311 exec/s: 759 rss: 578Mb L: 299/2278 MS: 3 CopyPart-ChangeByte-EraseBytes-
#19766	REDUCE cov: 1326 ft: 7182 corp: 1360/262Kb lim: 2311 exec/s: 790 rss: 578Mb L: 25/2278 MS: 5 ShuffleBytes-ChangeBit-InsertByte-InsertByte-EraseBytes-
#19782	REDUCE cov: 1326 ft: 7182 corp: 1360/262Kb lim: 2311 exec/s: 791 rss: 578Mb L: 509/2278 MS: 1 EraseBytes-
#20133	RELOAD cov: 1326 ft: 7184 corp: 1361/263Kb lim: 2311 exec/s: 610 rss: 578Mb
#20395	REDUCE cov: 1326 ft: 7184 corp: 1361/263Kb lim: 2311 exec/s: 618 rss: 578Mb L: 142/2278 MS: 2 CrossOver-EraseBytes-
#20576	REDUCE cov: 1326 ft: 7184 corp: 1361/263Kb lim: 2311 exec/s: 623 rss: 578Mb L: 58/2278 MS: 1 EraseBytes-
#20587	REDUCE cov: 1326 ft: 7184 corp: 1361/263Kb lim: 2311 exec/s: 623 rss: 578Mb L: 804/2278 MS: 1 EraseBytes-
#21163	REDUCE cov: 1326 ft: 7184 corp: 1361/263Kb lim: 2311 exec/s: 641 rss: 578Mb L: 101/2278 MS: 1 EraseBytes-
#21770	REDUCE cov: 1326 ft: 7184 corp: 1361/263Kb lim: 2311 exec/s: 659 rss: 578Mb L: 839/2278 MS: 2 CMP-EraseBytes- DE: "domain"-
#22106	REDUCE cov: 1326 ft: 7184 corp: 1361/263Kb lim: 2311 exec/s: 669 rss: 578Mb L: 346/2278 MS: 1 EraseBytes-
#22854	REDUCE cov: 1326 ft: 7184 corp: 1361/262Kb lim: 2311 exec/s: 692 rss: 578Mb L: 110/2278 MS: 3 ShuffleBytes-EraseBytes-CopyPart-
#22985	REDUCE cov: 1326 ft: 7184 corp: 1361/262Kb lim: 2311 exec/s: 696 rss: 578Mb L: 114/2278 MS: 1 EraseBytes-
#23448	REDUCE cov: 1326 ft: 7184 corp: 1361/262Kb lim: 2311 exec/s: 710 rss: 578Mb L: 10/2278 MS: 3 CopyPart-InsertByte-EraseBytes-
#23729	REDUCE cov: 1326 ft: 7184 corp: 1361/262Kb lim: 2311 exec/s: 719 rss: 578Mb L: 236/2278 MS: 1 EraseBytes-
#23765	REDUCE cov: 1326 ft: 7184 corp: 1361/262Kb lim: 2311 exec/s: 720 rss: 578Mb L: 830/2278 MS: 1 EraseBytes-
#24882	REDUCE cov: 1326 ft: 7184 corp: 1361/262Kb lim: 2322 exec/s: 754 rss: 578Mb L: 42/2278 MS: 2 ChangeByte-EraseBytes-
#24969	REDUCE cov: 1326 ft: 7184 corp: 1361/262Kb lim: 2322 exec/s: 756 rss: 578Mb L: 138/2278 MS: 2 ChangeBinInt-EraseBytes-
#25296	REDUCE cov: 1326 ft: 7184 corp: 1361/262Kb lim: 2322 exec/s: 744 rss: 578Mb L: 57/2278 MS: 2 ChangeASCIIInt-EraseBytes-
#25402	REDUCE cov: 1326 ft: 7184 corp: 1361/262Kb lim: 2322 exec/s: 747 rss: 578Mb L: 17/2278 MS: 1 EraseBytes-
#26139	REDUCE cov: 1326 ft: 7184 corp: 1361/262Kb lim: 2322 exec/s: 768 rss: 578Mb L: 485/2278 MS: 2 ShuffleBytes-EraseBytes-
#26941	REDUCE cov: 1326 ft: 7184 corp: 1361/262Kb lim: 2322 exec/s: 792 rss: 578Mb L: 199/2278 MS: 2 ChangeBit-EraseBytes-
#27313	REDUCE cov: 1326 ft: 7184 corp: 1361/262Kb lim: 2322 exec/s: 803 rss: 578Mb L: 598/2278 MS: 2 ChangeASCIIInt-EraseBytes-
#27374	REDUCE cov: 1326 ft: 7184 corp: 1361/262Kb lim: 2322 exec/s: 805 rss: 578Mb L: 4/2278 MS: 1 EraseBytes-
#27422	REDUCE cov: 1326 ft: 7184 corp: 1361/262Kb lim: 2322 exec/s: 806 rss: 578Mb L: 2/2278 MS: 3 ChangeBit-EraseBytes-CopyPart-
#27648	REDUCE cov: 1326 ft: 7184 corp: 1361/262Kb lim: 2322 exec/s: 813 rss: 578Mb L: 58/2278 MS: 1 EraseBytes-
#28564	NEW    cov: 1326 ft: 7185 corp: 1362/262Kb lim: 2322 exec/s: 840 rss: 578Mb L: 15/2278 MS: 1 CopyPart-
#29196	RELOAD cov: 1326 ft: 7190 corp: 1365/265Kb lim: 2322 exec/s: 695 rss: 578Mb
#29937	REDUCE cov: 1326 ft: 7190 corp: 1365/265Kb lim: 2333 exec/s: 712 rss: 578Mb L: 52/2278 MS: 1 EraseBytes-
#30147	REDUCE cov: 1326 ft: 7190 corp: 1365/265Kb lim: 2333 exec/s: 717 rss: 578Mb L: 554/2278 MS: 5 ChangeBit-ChangeBit-CMP-ChangeByte-EraseBytes- DE: "\011\000\000\000"-
#30389	REDUCE cov: 1326 ft: 7190 corp: 1365/265Kb lim: 2333 exec/s: 723 rss: 578Mb L: 92/2278 MS: 2 ChangeByte-EraseBytes-
#30630	REDUCE cov: 1326 ft: 7190 corp: 1365/265Kb lim: 2333 exec/s: 729 rss: 578Mb L: 5/2278 MS: 1 EraseBytes-
#30684	REDUCE cov: 1326 ft: 7190 corp: 1365/265Kb lim: 2333 exec/s: 730 rss: 578Mb L: 93/2278 MS: 4 CMP-ChangeBit-CopyPart-EraseBytes- DE: "else"-
#31921	REDUCE cov: 1326 ft: 7190 corp: 1365/265Kb lim: 2344 exec/s: 760 rss: 578Mb L: 102/2278 MS: 2 PersAutoDict-EraseBytes- DE: "domain"-
#32372	REDUCE cov: 1326 ft: 7190 corp: 1365/265Kb lim: 2344 exec/s: 770 rss: 578Mb L: 19/2278 MS: 1 EraseBytes-
#32503	REDUCE cov: 1326 ft: 7190 corp: 1365/265Kb lim: 2344 exec/s: 773 rss: 578Mb L: 19/2278 MS: 1 EraseBytes-
#32744	REDUCE cov: 1326 ft: 7190 corp: 1365/265Kb lim: 2344 exec/s: 779 rss: 578Mb L: 145/2278 MS: 1 EraseBytes-
#32768	pulse  cov: 1326 ft: 7190 corp: 1365/265Kb lim: 2344 exec/s: 780 rss: 578Mb
#32920	REDUCE cov: 1326 ft: 7190 corp: 1365/265Kb lim: 2344 exec/s: 783 rss: 578Mb L: 1226/2278 MS: 1 EraseBytes-
#33011	REDUCE cov: 1326 ft: 7190 corp: 1365/265Kb lim: 2344 exec/s: 785 rss: 578Mb L: 14/2278 MS: 1 EraseBytes-
#33402	REDUCE cov: 1326 ft: 7190 corp: 1365/265Kb lim: 2344 exec/s: 795 rss: 578Mb L: 291/2278 MS: 1 EraseBytes-
#33748	REDUCE cov: 1326 ft: 7190 corp: 1365/265Kb lim: 2344 exec/s: 803 rss: 578Mb L: 220/2278 MS: 1 EraseBytes-
#34174	REDUCE cov: 1326 ft: 7190 corp: 1365/265Kb lim: 2344 exec/s: 813 rss: 578Mb L: 35/2278 MS: 1 EraseBytes-
#34521	REDUCE cov: 1326 ft: 7190 corp: 1365/265Kb lim: 2344 exec/s: 821 rss: 578Mb L: 86/2278 MS: 2 ShuffleBytes-EraseBytes-
#34922	REDUCE cov: 1326 ft: 7190 corp: 1365/265Kb lim: 2344 exec/s: 831 rss: 578Mb L: 4/2278 MS: 1 EraseBytes-
#34970	REDUCE cov: 1326 ft: 7190 corp: 1365/265Kb lim: 2344 exec/s: 832 rss: 578Mb L: 17/2278 MS: 3 ChangeByte-CopyPart-EraseBytes-
#35511	REDUCE cov: 1326 ft: 7190 corp: 1365/265Kb lim: 2344 exec/s: 845 rss: 578Mb L: 12/2278 MS: 1 EraseBytes-
#35538	NEW    cov: 1326 ft: 7191 corp: 1366/266Kb lim: 2344 exec/s: 846 rss: 578Mb L: 1883/2278 MS: 2 PersAutoDict-CopyPart- DE: "\011\000\000\000"-
#36284	REDUCE cov: 1326 ft: 7191 corp: 1366/266Kb lim: 2344 exec/s: 843 rss: 578Mb L: 441/2278 MS: 1 EraseBytes-
#36476	REDUCE cov: 1326 ft: 7191 corp: 1366/266Kb lim: 2344 exec/s: 848 rss: 578Mb L: 146/2278 MS: 2 PersAutoDict-EraseBytes- DE: "domain"-
#36514	REDUCE cov: 1326 ft: 7191 corp: 1366/266Kb lim: 2344 exec/s: 849 rss: 578Mb L: 144/2278 MS: 3 ChangeByte-ShuffleBytes-EraseBytes-
#36680	REDUCE cov: 1326 ft: 7191 corp: 1366/266Kb lim: 2344 exec/s: 853 rss: 578Mb L: 316/2278 MS: 1 EraseBytes-
#37016	REDUCE cov: 1326 ft: 7191 corp: 1366/266Kb lim: 2344 exec/s: 860 rss: 578Mb L: 607/2278 MS: 1 EraseBytes-
#37363	REDUCE cov: 1326 ft: 7191 corp: 1366/266Kb lim: 2344 exec/s: 868 rss: 578Mb L: 212/2278 MS: 2 InsertByte-EraseBytes-
#37499	REDUCE cov: 1326 ft: 7191 corp: 1366/266Kb lim: 2344 exec/s: 872 rss: 578Mb L: 4/2278 MS: 1 EraseBytes-
#37763	REDUCE cov: 1326 ft: 7191 corp: 1366/266Kb lim: 2344 exec/s: 878 rss: 578Mb L: 5/2278 MS: 4 InsertByte-InsertRepeatedBytes-EraseBytes-EraseBytes-
#38217	REDUCE cov: 1326 ft: 7191 corp: 1366/266Kb lim: 2344 exec/s: 888 rss: 578Mb L: 1003/2278 MS: 4 ShuffleBytes-InsertByte-CrossOver-EraseBytes-
#38770	RELOAD cov: 1327 ft: 7192 corp: 1367/266Kb lim: 2344 exec/s: 760 rss: 578Mb
#38886	REDUCE cov: 1327 ft: 7192 corp: 1367/266Kb lim: 2344 exec/s: 762 rss: 578Mb L: 85/2278 MS: 1 EraseBytes-
#39022	REDUCE cov: 1327 ft: 7192 corp: 1367/266Kb lim: 2344 exec/s: 765 rss: 578Mb L: 6/2278 MS: 1 EraseBytes-
#39538	REDUCE cov: 1327 ft: 7192 corp: 1367/266Kb lim: 2344 exec/s: 775 rss: 578Mb L: 111/2278 MS: 1 EraseBytes-
#39594	REDUCE cov: 1327 ft: 7192 corp: 1367/266Kb lim: 2344 exec/s: 776 rss: 578Mb L: 177/2278 MS: 1 EraseBytes-
#40165	REDUCE cov: 1327 ft: 7192 corp: 1367/266Kb lim: 2344 exec/s: 787 rss: 578Mb L: 18/2278 MS: 1 EraseBytes-
#41344	REDUCE cov: 1327 ft: 7192 corp: 1367/266Kb lim: 2355 exec/s: 810 rss: 578Mb L: 136/2278 MS: 4 InsertByte-ChangeByte-ChangeByte-EraseBytes-
#41361	REDUCE cov: 1327 ft: 7192 corp: 1367/266Kb lim: 2355 exec/s: 811 rss: 578Mb L: 7/2278 MS: 2 ChangeASCIIInt-EraseBytes-
#41377	REDUCE cov: 1327 ft: 7192 corp: 1367/266Kb lim: 2355 exec/s: 811 rss: 578Mb L: 48/2278 MS: 1 EraseBytes-
#41623	REDUCE cov: 1327 ft: 7192 corp: 1367/266Kb lim: 2355 exec/s: 816 rss: 578Mb L: 78/2278 MS: 1 EraseBytes-
#41752	REDUCE cov: 1327 ft: 7192 corp: 1367/266Kb lim: 2355 exec/s: 818 rss: 578Mb L: 78/2278 MS: 4 ChangeByte-InsertRepeatedBytes-CMP-EraseBytes- DE: "\001\000\000\000\000\000\000\000"-
#41758	REDUCE cov: 1327 ft: 7192 corp: 1367/266Kb lim: 2355 exec/s: 818 rss: 578Mb L: 84/2278 MS: 1 EraseBytes-
#42014	REDUCE cov: 1327 ft: 7192 corp: 1367/266Kb lim: 2355 exec/s: 823 rss: 578Mb L: 18/2278 MS: 1 EraseBytes-
#42020	REDUCE cov: 1327 ft: 7192 corp: 1367/266Kb lim: 2355 exec/s: 823 rss: 578Mb L: 460/2278 MS: 1 EraseBytes-
#42622	REDUCE cov: 1327 ft: 7192 corp: 1367/266Kb lim: 2355 exec/s: 835 rss: 578Mb L: 61/2278 MS: 2 CrossOver-EraseBytes-
#43208	REDUCE cov: 1327 ft: 7192 corp: 1367/266Kb lim: 2355 exec/s: 847 rss: 578Mb L: 89/2278 MS: 1 EraseBytes-
#43454	REDUCE cov: 1327 ft: 7192 corp: 1367/266Kb lim: 2355 exec/s: 852 rss: 578Mb L: 553/2278 MS: 1 EraseBytes-
#43515	REDUCE cov: 1327 ft: 7192 corp: 1367/266Kb lim: 2355 exec/s: 853 rss: 578Mb L: 16/2278 MS: 1 EraseBytes-
#44116	REDUCE cov: 1327 ft: 7192 corp: 1367/266Kb lim: 2355 exec/s: 865 rss: 578Mb L: 129/2278 MS: 1 EraseBytes-
#44143	REDUCE cov: 1327 ft: 7192 corp: 1367/266Kb lim: 2355 exec/s: 865 rss: 578Mb L: 24/2278 MS: 2 ChangeBit-EraseBytes-
#44434	REDUCE cov: 1327 ft: 7192 corp: 1367/266Kb lim: 2355 exec/s: 871 rss: 578Mb L: 6/2278 MS: 1 EraseBytes-
#44455	REDUCE cov: 1327 ft: 7192 corp: 1367/266Kb lim: 2355 exec/s: 871 rss: 578Mb L: 27/2278 MS: 1 EraseBytes-
#44971	REDUCE cov: 1327 ft: 7192 corp: 1367/266Kb lim: 2355 exec/s: 881 rss: 578Mb L: 154/2278 MS: 1 EraseBytes-
#45013	REDUCE cov: 1327 ft: 7192 corp: 1367/266Kb lim: 2355 exec/s: 882 rss: 578Mb L: 7/2278 MS: 2 EraseBytes-EraseBytes-
#45144	REDUCE cov: 1327 ft: 7192 corp: 1367/266Kb lim: 2355 exec/s: 885 rss: 578Mb L: 65/2278 MS: 1 EraseBytes-
#45228	REDUCE cov: 1327 ft: 7192 corp: 1367/266Kb lim: 2355 exec/s: 886 rss: 578Mb L: 323/2278 MS: 4 ChangeBit-ChangeBit-CopyPart-EraseBytes-
#45288	REDUCE cov: 1327 ft: 7192 corp: 1367/266Kb lim: 2355 exec/s: 888 rss: 578Mb L: 96/2278 MS: 5 InsertByte-PersAutoDict-ChangeASCIIInt-ChangeByte-EraseBytes- DE: "else"-
#45944	REDUCE cov: 1327 ft: 7192 corp: 1367/266Kb lim: 2355 exec/s: 900 rss: 578Mb L: 500/2278 MS: 1 EraseBytes-
#46131	REDUCE cov: 1327 ft: 7192 corp: 1367/266Kb lim: 2355 exec/s: 904 rss: 578Mb L: 951/2278 MS: 2 InsertByte-EraseBytes-
#46282	REDUCE cov: 1327 ft: 7192 corp: 1367/266Kb lim: 2355 exec/s: 907 rss: 578Mb L: 18/2278 MS: 1 EraseBytes-
#46462	REDUCE cov: 1327 ft: 7192 corp: 1367/266Kb lim: 2355 exec/s: 893 rss: 578Mb L: 96/2278 MS: 5 ShuffleBytes-CrossOver-ChangeBinInt-ChangeByte-EraseBytes-
#47608	RELOAD cov: 1328 ft: 7199 corp: 1372/271Kb lim: 2355 exec/s: 793 rss: 578Mb
#47879	REDUCE cov: 1328 ft: 7199 corp: 1372/271Kb lim: 2366 exec/s: 797 rss: 578Mb L: 398/2293 MS: 1 EraseBytes-
#48712	REDUCE cov: 1328 ft: 7199 corp: 1372/271Kb lim: 2366 exec/s: 811 rss: 578Mb L: 75/2293 MS: 3 ChangeByte-CrossOver-EraseBytes-
#48803	REDUCE cov: 1328 ft: 7199 corp: 1372/271Kb lim: 2366 exec/s: 813 rss: 578Mb L: 553/2293 MS: 1 EraseBytes-
#48855	REDUCE cov: 1328 ft: 7199 corp: 1372/271Kb lim: 2366 exec/s: 814 rss: 578Mb L: 166/2293 MS: 2 CMP-EraseBytes- DE: "\000\000\000\000"-
#49011	NEW    cov: 1328 ft: 7200 corp: 1373/271Kb lim: 2366 exec/s: 816 rss: 578Mb L: 21/2293 MS: 1 EraseBytes-
#49017	REDUCE cov: 1328 ft: 7200 corp: 1373/271Kb lim: 2366 exec/s: 816 rss: 578Mb L: 43/2293 MS: 1 EraseBytes-
#49019	REDUCE cov: 1328 ft: 7200 corp: 1373/271Kb lim: 2366 exec/s: 816 rss: 578Mb L: 141/2293 MS: 2 PersAutoDict-EraseBytes- DE: "else"-
#49110	REDUCE cov: 1328 ft: 7200 corp: 1373/271Kb lim: 2366 exec/s: 818 rss: 578Mb L: 10/2293 MS: 1 EraseBytes-
#49206	REDUCE cov: 1328 ft: 7200 corp: 1373/271Kb lim: 2366 exec/s: 820 rss: 578Mb L: 5/2293 MS: 1 EraseBytes-
#49367	REDUCE cov: 1328 ft: 7200 corp: 1373/271Kb lim: 2366 exec/s: 822 rss: 578Mb L: 14/2293 MS: 1 EraseBytes-
#49823	REDUCE cov: 1328 ft: 7200 corp: 1373/271Kb lim: 2366 exec/s: 830 rss: 578Mb L: 41/2293 MS: 1 EraseBytes-
#49854	REDUCE cov: 1328 ft: 7200 corp: 1373/271Kb lim: 2366 exec/s: 830 rss: 578Mb L: 105/2293 MS: 1 EraseBytes-
#50525	REDUCE cov: 1328 ft: 7200 corp: 1373/271Kb lim: 2366 exec/s: 842 rss: 578Mb L: 462/2293 MS: 1 EraseBytes-
#50772	REDUCE cov: 1328 ft: 7200 corp: 1373/271Kb lim: 2366 exec/s: 846 rss: 578Mb L: 44/2293 MS: 2 CopyPart-EraseBytes-
#50823	REDUCE cov: 1328 ft: 7200 corp: 1373/271Kb lim: 2366 exec/s: 847 rss: 578Mb L: 10/2293 MS: 1 EraseBytes-
#50880	REDUCE cov: 1328 ft: 7200 corp: 1373/271Kb lim: 2366 exec/s: 848 rss: 578Mb L: 64/2293 MS: 2 ChangeBinInt-EraseBytes-
#51302	REDUCE cov: 1328 ft: 7200 corp: 1373/271Kb lim: 2366 exec/s: 855 rss: 578Mb L: 667/2293 MS: 2 ShuffleBytes-EraseBytes-
#51588	REDUCE cov: 1328 ft: 7200 corp: 1373/271Kb lim: 2366 exec/s: 859 rss: 578Mb L: 108/2293 MS: 1 EraseBytes-
#51929	REDUCE cov: 1328 ft: 7200 corp: 1373/271Kb lim: 2366 exec/s: 865 rss: 578Mb L: 36/2293 MS: 1 EraseBytes-
#51995	REDUCE cov: 1328 ft: 7200 corp: 1373/271Kb lim: 2366 exec/s: 866 rss: 578Mb L: 237/2293 MS: 1 EraseBytes-
#52252	REDUCE cov: 1328 ft: 7200 corp: 1373/271Kb lim: 2366 exec/s: 856 rss: 578Mb L: 447/2293 MS: 2 CrossOver-EraseBytes-
#52314	REDUCE cov: 1328 ft: 7200 corp: 1373/271Kb lim: 2366 exec/s: 857 rss: 578Mb L: 24/2293 MS: 2 ChangeBinInt-EraseBytes-
#52480	REDUCE cov: 1328 ft: 7200 corp: 1373/271Kb lim: 2366 exec/s: 860 rss: 578Mb L: 90/2293 MS: 1 EraseBytes-
#52491	REDUCE cov: 1328 ft: 7200 corp: 1373/271Kb lim: 2366 exec/s: 860 rss: 578Mb L: 24/2293 MS: 1 EraseBytes-
#52734	REDUCE cov: 1328 ft: 7200 corp: 1373/271Kb lim: 2366 exec/s: 864 rss: 578Mb L: 668/2293 MS: 3 PersAutoDict-ChangeBinInt-EraseBytes- DE: "else"-
#54716	REDUCE cov: 1328 ft: 7200 corp: 1373/271Kb lim: 2377 exec/s: 896 rss: 578Mb L: 305/2293 MS: 2 ChangeBit-EraseBytes-
#55042	REDUCE cov: 1328 ft: 7200 corp: 1373/271Kb lim: 2377 exec/s: 902 rss: 578Mb L: 9/2293 MS: 1 EraseBytes-
#55449	REDUCE cov: 1328 ft: 7200 corp: 1373/271Kb lim: 2377 exec/s: 909 rss: 578Mb L: 46/2293 MS: 2 CMP-EraseBytes- DE: "else"-
#56263	REDUCE cov: 1328 ft: 7200 corp: 1373/271Kb lim: 2377 exec/s: 922 rss: 578Mb L: 21/2293 MS: 4 ChangeBit-EraseBytes-ChangeByte-InsertByte-
#56889	REDUCE cov: 1328 ft: 7200 corp: 1373/271Kb lim: 2377 exec/s: 932 rss: 578Mb L: 230/2293 MS: 1 EraseBytes-
#57526	REDUCE cov: 1328 ft: 7200 corp: 1373/271Kb lim: 2377 exec/s: 943 rss: 578Mb L: 58/2293 MS: 2 CopyPart-EraseBytes-
#57754	REDUCE cov: 1328 ft: 7200 corp: 1373/271Kb lim: 2377 exec/s: 946 rss: 578Mb L: 27/2293 MS: 3 ShuffleBytes-EraseBytes-ChangeByte-
#58131	REDUCE cov: 1328 ft: 7200 corp: 1373/271Kb lim: 2377 exec/s: 952 rss: 578Mb L: 20/2293 MS: 2 ShuffleBytes-EraseBytes-
#58349	RELOAD cov: 1328 ft: 7202 corp: 1375/275Kb lim: 2377 exec/s: 845 rss: 578Mb
#58546	REDUCE cov: 1328 ft: 7202 corp: 1375/275Kb lim: 2377 exec/s: 848 rss: 578Mb L: 13/2293 MS: 2 CopyPart-EraseBytes-
#59138	REDUCE cov: 1328 ft: 7202 corp: 1375/275Kb lim: 2377 exec/s: 857 rss: 578Mb L: 271/2293 MS: 2 ShuffleBytes-EraseBytes-
#59351	REDUCE cov: 1328 ft: 7202 corp: 1375/275Kb lim: 2377 exec/s: 860 rss: 578Mb L: 45/2293 MS: 3 PersAutoDict-ShuffleBytes-EraseBytes- DE: "\000\000\000\000"-
#59463	REDUCE cov: 1328 ft: 7202 corp: 1375/275Kb lim: 2377 exec/s: 861 rss: 578Mb L: 157/2293 MS: 2 CMP-EraseBytes- DE: "as"-
#59715	REDUCE cov: 1328 ft: 7202 corp: 1375/275Kb lim: 2377 exec/s: 865 rss: 578Mb L: 632/2293 MS: 2 PersAutoDict-EraseBytes- DE: "else"-
#60288	REDUCE cov: 1328 ft: 7202 corp: 1375/275Kb lim: 2377 exec/s: 873 rss: 578Mb L: 89/2293 MS: 3 CrossOver-ChangeASCIIInt-EraseBytes-
#60649	REDUCE cov: 1328 ft: 7202 corp: 1375/275Kb lim: 2377 exec/s: 878 rss: 578Mb L: 54/2293 MS: 1 EraseBytes-
#61256	REDUCE cov: 1328 ft: 7202 corp: 1375/275Kb lim: 2377 exec/s: 887 rss: 578Mb L: 30/2293 MS: 2 ChangeBit-EraseBytes-
#61823	REDUCE cov: 1328 ft: 7202 corp: 1375/275Kb lim: 2377 exec/s: 895 rss: 578Mb L: 284/2293 MS: 2 ShuffleBytes-EraseBytes-
#61824	REDUCE cov: 1328 ft: 7202 corp: 1375/275Kb lim: 2377 exec/s: 896 rss: 578Mb L: 49/2293 MS: 1 EraseBytes-
#62299	REDUCE cov: 1328 ft: 7202 corp: 1375/275Kb lim: 2377 exec/s: 902 rss: 578Mb L: 126/2293 MS: 5 InsertByte-ChangeASCIIInt-InsertByte-ChangeASCIIInt-EraseBytes-
#62367	REDUCE cov: 1328 ft: 7202 corp: 1375/275Kb lim: 2377 exec/s: 903 rss: 578Mb L: 30/2293 MS: 3 ChangeByte-ShuffleBytes-EraseBytes-
#62370	REDUCE cov: 1328 ft: 7202 corp: 1375/275Kb lim: 2377 exec/s: 903 rss: 578Mb L: 43/2293 MS: 3 CopyPart-EraseBytes-CopyPart-
#62656	REDUCE cov: 1328 ft: 7202 corp: 1375/275Kb lim: 2377 exec/s: 908 rss: 578Mb L: 26/2293 MS: 1 EraseBytes-
#62718	REDUCE cov: 1328 ft: 7202 corp: 1375/275Kb lim: 2377 exec/s: 908 rss: 578Mb L: 13/2293 MS: 2 CopyPart-EraseBytes-
#62814	REDUCE cov: 1328 ft: 7202 corp: 1375/275Kb lim: 2377 exec/s: 910 rss: 578Mb L: 196/2293 MS: 1 EraseBytes-
#64060	REDUCE cov: 1328 ft: 7202 corp: 1375/275Kb lim: 2388 exec/s: 915 rss: 578Mb L: 40/2293 MS: 1 EraseBytes-
#64272	REDUCE cov: 1328 ft: 7202 corp: 1375/275Kb lim: 2388 exec/s: 918 rss: 578Mb L: 4/2293 MS: 2 ShuffleBytes-EraseBytes-
#64363	REDUCE cov: 1328 ft: 7202 corp: 1375/275Kb lim: 2388 exec/s: 919 rss: 578Mb L: 35/2293 MS: 1 EraseBytes-
#64489	REDUCE cov: 1328 ft: 7202 corp: 1375/275Kb lim: 2388 exec/s: 921 rss: 578Mb L: 61/2293 MS: 1 EraseBytes-
#64664	REDUCE cov: 1328 ft: 7202 corp: 1375/275Kb lim: 2388 exec/s: 923 rss: 578Mb L: 97/2293 MS: 5 InsertByte-ChangeBit-CopyPart-ChangeByte-EraseBytes-
#64725	REDUCE cov: 1328 ft: 7202 corp: 1375/275Kb lim: 2388 exec/s: 924 rss: 578Mb L: 27/2293 MS: 1 EraseBytes-
#64953	REDUCE cov: 1328 ft: 7202 corp: 1375/275Kb lim: 2388 exec/s: 927 rss: 578Mb L: 10/2293 MS: 3 PersAutoDict-ChangeBit-EraseBytes- DE: "else"-
#65351	REDUCE cov: 1328 ft: 7202 corp: 1375/275Kb lim: 2388 exec/s: 933 rss: 578Mb L: 73/2293 MS: 3 ChangeBinInt-ShuffleBytes-EraseBytes-
#65462	REDUCE cov: 1328 ft: 7202 corp: 1375/275Kb lim: 2388 exec/s: 935 rss: 578Mb L: 139/2293 MS: 1 EraseBytes-
#65536	pulse  cov: 1328 ft: 7202 corp: 1375/275Kb lim: 2388 exec/s: 936 rss: 578Mb
#65849	REDUCE cov: 1328 ft: 7202 corp: 1375/275Kb lim: 2388 exec/s: 940 rss: 578Mb L: 308/2293 MS: 2 PersAutoDict-EraseBytes- DE: "\011\000\000\000"-
#65925	REDUCE cov: 1328 ft: 7202 corp: 1375/275Kb lim: 2388 exec/s: 941 rss: 578Mb L: 227/2293 MS: 1 EraseBytes-
#66600	REDUCE cov: 1328 ft: 7202 corp: 1375/275Kb lim: 2388 exec/s: 951 rss: 578Mb L: 7/2293 MS: 5 InsertByte-EraseBytes-ChangeByte-ChangeByte-EraseBytes-
#66849	REDUCE cov: 1328 ft: 7202 corp: 1375/275Kb lim: 2388 exec/s: 954 rss: 578Mb L: 460/2293 MS: 4 EraseBytes-ChangeBit-InsertByte-CopyPart-
#67930	REDUCE cov: 1328 ft: 7202 corp: 1375/275Kb lim: 2388 exec/s: 970 rss: 578Mb L: 160/2293 MS: 1 EraseBytes-
#68141	REDUCE cov: 1328 ft: 7202 corp: 1375/275Kb lim: 2388 exec/s: 973 rss: 578Mb L: 5/2293 MS: 1 EraseBytes-
#68395	RELOAD cov: 1329 ft: 7206 corp: 1379/275Kb lim: 2388 exec/s: 876 rss: 578Mb
#68778	REDUCE cov: 1329 ft: 7206 corp: 1379/275Kb lim: 2388 exec/s: 881 rss: 578Mb L: 61/2293 MS: 3 ChangeBit-ChangeBinInt-EraseBytes-
#68934	REDUCE cov: 1329 ft: 7206 corp: 1379/275Kb lim: 2388 exec/s: 883 rss: 578Mb L: 352/2293 MS: 1 EraseBytes-
#69195	REDUCE cov: 1329 ft: 7206 corp: 1379/275Kb lim: 2388 exec/s: 887 rss: 578Mb L: 126/2293 MS: 1 EraseBytes-
#69196	REDUCE cov: 1329 ft: 7206 corp: 1379/275Kb lim: 2388 exec/s: 887 rss: 578Mb L: 134/2293 MS: 1 EraseBytes-
#69342	REDUCE cov: 1329 ft: 7206 corp: 1379/275Kb lim: 2388 exec/s: 889 rss: 578Mb L: 14/2293 MS: 1 EraseBytes-
#69586	REDUCE cov: 1329 ft: 7206 corp: 1379/275Kb lim: 2388 exec/s: 880 rss: 578Mb L: 147/2293 MS: 4 CrossOver-CrossOver-ShuffleBytes-EraseBytes-
#70289	REDUCE cov: 1329 ft: 7206 corp: 1379/275Kb lim: 2388 exec/s: 889 rss: 578Mb L: 34/2293 MS: 3 CopyPart-CopyPart-EraseBytes-
#70972	REDUCE cov: 1329 ft: 7206 corp: 1379/275Kb lim: 2388 exec/s: 898 rss: 578Mb L: 82/2293 MS: 3 ShuffleBytes-ChangeBinInt-EraseBytes-
#71533	REDUCE cov: 1329 ft: 7206 corp: 1379/275Kb lim: 2388 exec/s: 905 rss: 578Mb L: 22/2293 MS: 1 EraseBytes-
#71650	REDUCE cov: 1329 ft: 7206 corp: 1379/275Kb lim: 2388 exec/s: 906 rss: 578Mb L: 504/2293 MS: 2 ChangeBit-EraseBytes-
#72071	REDUCE cov: 1329 ft: 7206 corp: 1379/275Kb lim: 2388 exec/s: 912 rss: 578Mb L: 49/2293 MS: 1 EraseBytes-
#72302	REDUCE cov: 1329 ft: 7206 corp: 1379/275Kb lim: 2388 exec/s: 915 rss: 578Mb L: 10/2293 MS: 1 EraseBytes-
#72645	REDUCE cov: 1329 ft: 7206 corp: 1379/275Kb lim: 2388 exec/s: 919 rss: 578Mb L: 172/2293 MS: 3 EraseBytes-PersAutoDict-InsertByte- DE: "else"-
#73063	REDUCE cov: 1329 ft: 7206 corp: 1379/275Kb lim: 2388 exec/s: 924 rss: 578Mb L: 11/2293 MS: 3 InsertByte-ChangeByte-EraseBytes-
#73784	REDUCE cov: 1329 ft: 7206 corp: 1379/275Kb lim: 2388 exec/s: 933 rss: 578Mb L: 19/2293 MS: 1 EraseBytes-
#73853	REDUCE cov: 1329 ft: 7206 corp: 1379/275Kb lim: 2388 exec/s: 934 rss: 578Mb L: 393/2293 MS: 4 ShuffleBytes-ChangeBit-EraseBytes-CopyPart-
#73874	REDUCE cov: 1329 ft: 7206 corp: 1379/275Kb lim: 2388 exec/s: 935 rss: 578Mb L: 5/2293 MS: 1 EraseBytes-
#74911	REDUCE cov: 1329 ft: 7206 corp: 1379/275Kb lim: 2388 exec/s: 948 rss: 578Mb L: 117/2293 MS: 2 CopyPart-EraseBytes-
#74967	REDUCE cov: 1329 ft: 7206 corp: 1379/275Kb lim: 2388 exec/s: 948 rss: 578Mb L: 3/2293 MS: 1 EraseBytes-
#75053	REDUCE cov: 1329 ft: 7206 corp: 1379/275Kb lim: 2388 exec/s: 950 rss: 578Mb L: 569/2293 MS: 1 EraseBytes-
#75515	REDUCE cov: 1329 ft: 7206 corp: 1379/275Kb lim: 2388 exec/s: 955 rss: 578Mb L: 987/2293 MS: 2 ChangeASCIIInt-EraseBytes-
#76016	REDUCE cov: 1329 ft: 7206 corp: 1379/275Kb lim: 2388 exec/s: 962 rss: 578Mb L: 6/2293 MS: 1 EraseBytes-
#76402	REDUCE cov: 1329 ft: 7206 corp: 1379/275Kb lim: 2388 exec/s: 967 rss: 578Mb L: 33/2293 MS: 1 EraseBytes-
#77727	RELOAD cov: 1330 ft: 7208 corp: 1381/277Kb lim: 2399 exec/s: 883 rss: 578Mb
#78296	REDUCE cov: 1330 ft: 7208 corp: 1381/277Kb lim: 2399 exec/s: 889 rss: 578Mb L: 213/2345 MS: 4 ShuffleBytes-ShuffleBytes-InsertByte-EraseBytes-
#78819	REDUCE cov: 1330 ft: 7208 corp: 1381/277Kb lim: 2399 exec/s: 895 rss: 578Mb L: 181/2345 MS: 3 CMP-ChangeASCIIInt-EraseBytes- DE: "$\000"-
#78880	REDUCE cov: 1330 ft: 7208 corp: 1381/277Kb lim: 2399 exec/s: 896 rss: 578Mb L: 147/2345 MS: 1 EraseBytes-
#78987	REDUCE cov: 1330 ft: 7208 corp: 1381/277Kb lim: 2399 exec/s: 897 rss: 578Mb L: 19/2345 MS: 2 InsertByte-EraseBytes-
#79225	REDUCE cov: 1330 ft: 7208 corp: 1381/277Kb lim: 2399 exec/s: 900 rss: 578Mb L: 7/2345 MS: 3 InsertByte-PersAutoDict-EraseBytes- DE: "else"-
#80006	REDUCE cov: 1330 ft: 7208 corp: 1381/277Kb lim: 2399 exec/s: 909 rss: 578Mb L: 358/2345 MS: 1 EraseBytes-
#80093	REDUCE cov: 1330 ft: 7208 corp: 1381/277Kb lim: 2399 exec/s: 910 rss: 578Mb L: 53/2345 MS: 2 CMP-EraseBytes- DE: "as"-
#80980	REDUCE cov: 1330 ft: 7208 corp: 1381/277Kb lim: 2399 exec/s: 920 rss: 578Mb L: 32/2345 MS: 2 ChangeBit-EraseBytes-
#80981	REDUCE cov: 1330 ft: 7208 corp: 1381/277Kb lim: 2399 exec/s: 920 rss: 578Mb L: 137/2345 MS: 1 EraseBytes-
#84167	REDUCE cov: 1330 ft: 7208 corp: 1381/277Kb lim: 2421 exec/s: 945 rss: 578Mb L: 155/2345 MS: 1 EraseBytes-
#84358	REDUCE cov: 1330 ft: 7208 corp: 1381/277Kb lim: 2421 exec/s: 947 rss: 578Mb L: 36/2345 MS: 1 EraseBytes-
#85226	REDUCE cov: 1330 ft: 7208 corp: 1381/277Kb lim: 2421 exec/s: 957 rss: 578Mb L: 392/2345 MS: 3 CMP-PersAutoDict-EraseBytes- DE: "pub"-"$\000"-
#85272	REDUCE cov: 1330 ft: 7208 corp: 1381/277Kb lim: 2421 exec/s: 958 rss: 578Mb L: 98/2345 MS: 1 EraseBytes-
#85353	REDUCE cov: 1330 ft: 7208 corp: 1381/277Kb lim: 2421 exec/s: 959 rss: 578Mb L: 95/2345 MS: 1 EraseBytes-
#85396	REDUCE cov: 1330 ft: 7208 corp: 1381/277Kb lim: 2421 exec/s: 959 rss: 578Mb L: 75/2345 MS: 3 ChangeByte-ChangeByte-EraseBytes-
#86092	REDUCE cov: 1330 ft: 7208 corp: 1381/277Kb lim: 2421 exec/s: 967 rss: 578Mb L: 105/2345 MS: 1 EraseBytes-
#86253	REDUCE cov: 1330 ft: 7208 corp: 1381/277Kb lim: 2421 exec/s: 969 rss: 578Mb L: 20/2345 MS: 1 EraseBytes-
#86968	RELOAD cov: 1330 ft: 7209 corp: 1382/279Kb lim: 2421 exec/s: 896 rss: 578Mb
#87058	REDUCE cov: 1330 ft: 7209 corp: 1382/279Kb lim: 2421 exec/s: 897 rss: 578Mb L: 285/2404 MS: 5 ChangeByte-InsertRepeatedBytes-ChangeBit-ShuffleBytes-EraseBytes-
#87856	REDUCE cov: 1330 ft: 7209 corp: 1382/279Kb lim: 2421 exec/s: 905 rss: 578Mb L: 379/2404 MS: 3 ChangeBit-ShuffleBytes-EraseBytes-
#88543	REDUCE cov: 1330 ft: 7209 corp: 1382/279Kb lim: 2421 exec/s: 912 rss: 578Mb L: 1353/2404 MS: 2 ChangeASCIIInt-EraseBytes-
#88669	REDUCE cov: 1330 ft: 7209 corp: 1382/279Kb lim: 2421 exec/s: 914 rss: 578Mb L: 72/2404 MS: 1 EraseBytes-
#89666	REDUCE cov: 1330 ft: 7209 corp: 1382/279Kb lim: 2421 exec/s: 924 rss: 578Mb L: 22/2404 MS: 2 ShuffleBytes-EraseBytes-
#89802	REDUCE cov: 1330 ft: 7209 corp: 1382/279Kb lim: 2421 exec/s: 925 rss: 578Mb L: 1641/2404 MS: 1 EraseBytes-
#89853	REDUCE cov: 1330 ft: 7209 corp: 1382/279Kb lim: 2421 exec/s: 926 rss: 578Mb L: 177/2404 MS: 1 EraseBytes-
#90552	REDUCE cov: 1330 ft: 7209 corp: 1382/279Kb lim: 2421 exec/s: 933 rss: 578Mb L: 1417/2404 MS: 4 CrossOver-ChangeByte-EraseBytes-CopyPart-
#90698	REDUCE cov: 1330 ft: 7209 corp: 1382/279Kb lim: 2421 exec/s: 935 rss: 578Mb L: 74/2404 MS: 1 EraseBytes-
#90779	REDUCE cov: 1330 ft: 7209 corp: 1382/279Kb lim: 2421 exec/s: 935 rss: 578Mb L: 16/2404 MS: 1 EraseBytes-
#90795	REDUCE cov: 1330 ft: 7209 corp: 1382/279Kb lim: 2421 exec/s: 936 rss: 578Mb L: 22/2404 MS: 1 EraseBytes-
#90972	REDUCE cov: 1330 ft: 7209 corp: 1382/279Kb lim: 2421 exec/s: 928 rss: 578Mb L: 2341/2404 MS: 2 CrossOver-EraseBytes-
#91183	REDUCE cov: 1330 ft: 7209 corp: 1382/279Kb lim: 2421 exec/s: 930 rss: 578Mb L: 278/2404 MS: 1 EraseBytes-
#91694	REDUCE cov: 1330 ft: 7209 corp: 1382/279Kb lim: 2421 exec/s: 935 rss: 578Mb L: 31/2404 MS: 1 EraseBytes-
#92200	REDUCE cov: 1330 ft: 7209 corp: 1382/279Kb lim: 2421 exec/s: 940 rss: 578Mb L: 140/2404 MS: 1 EraseBytes-
#92512	REDUCE cov: 1330 ft: 7209 corp: 1382/279Kb lim: 2421 exec/s: 944 rss: 578Mb L: 386/2404 MS: 2 InsertByte-EraseBytes-
#92963	REDUCE cov: 1330 ft: 7209 corp: 1382/278Kb lim: 2421 exec/s: 948 rss: 578Mb L: 557/2404 MS: 1 EraseBytes-
#93000	REDUCE cov: 1330 ft: 7209 corp: 1382/278Kb lim: 2421 exec/s: 948 rss: 578Mb L: 1279/2404 MS: 2 ShuffleBytes-EraseBytes-
#93441	REDUCE cov: 1330 ft: 7209 corp: 1382/278Kb lim: 2421 exec/s: 953 rss: 578Mb L: 1363/2404 MS: 1 EraseBytes-
#94179	RELOAD cov: 1330 ft: 7215 corp: 1385/282Kb lim: 2421 exec/s: 888 rss: 578Mb
#94190	REDUCE cov: 1330 ft: 7215 corp: 1385/282Kb lim: 2421 exec/s: 888 rss: 578Mb L: 149/2404 MS: 1 EraseBytes-
#94611	REDUCE cov: 1330 ft: 7215 corp: 1385/282Kb lim: 2421 exec/s: 892 rss: 578Mb L: 211/2404 MS: 1 EraseBytes-
#94777	REDUCE cov: 1330 ft: 7215 corp: 1385/282Kb lim: 2421 exec/s: 894 rss: 578Mb L: 11/2404 MS: 1 EraseBytes-
#94860	REDUCE cov: 1330 ft: 7215 corp: 1385/282Kb lim: 2421 exec/s: 894 rss: 578Mb L: 2249/2404 MS: 3 CrossOver-EraseBytes-ChangeByte-
#95471	REDUCE cov: 1330 ft: 7215 corp: 1385/282Kb lim: 2421 exec/s: 900 rss: 578Mb L: 345/2404 MS: 1 EraseBytes-
#96103	REDUCE cov: 1330 ft: 7215 corp: 1385/282Kb lim: 2421 exec/s: 906 rss: 578Mb L: 253/2404 MS: 2 CrossOver-EraseBytes-
#96219	REDUCE cov: 1330 ft: 7215 corp: 1385/282Kb lim: 2421 exec/s: 907 rss: 578Mb L: 171/2404 MS: 1 EraseBytes-
#97605	REDUCE cov: 1330 ft: 7215 corp: 1385/282Kb lim: 2432 exec/s: 920 rss: 578Mb L: 43/2404 MS: 1 EraseBytes-
#98612	REDUCE cov: 1330 ft: 7215 corp: 1385/282Kb lim: 2432 exec/s: 930 rss: 578Mb L: 295/2404 MS: 2 InsertRepeatedBytes-EraseBytes-
#98831	REDUCE cov: 1330 ft: 7215 corp: 1385/282Kb lim: 2432 exec/s: 932 rss: 578Mb L: 93/2404 MS: 4 ChangeBit-CopyPart-ShuffleBytes-EraseBytes-
#100202	REDUCE cov: 1330 ft: 7215 corp: 1385/282Kb lim: 2443 exec/s: 945 rss: 578Mb L: 30/2404 MS: 1 EraseBytes-
#100294	NEW    cov: 1330 ft: 7218 corp: 1386/282Kb lim: 2443 exec/s: 946 rss: 578Mb L: 148/2404 MS: 2 InsertRepeatedBytes-CrossOver-
#100660	REDUCE cov: 1330 ft: 7218 corp: 1386/282Kb lim: 2443 exec/s: 949 rss: 578Mb L: 132/2404 MS: 1 EraseBytes-
#101086	REDUCE cov: 1330 ft: 7218 corp: 1386/282Kb lim: 2443 exec/s: 953 rss: 578Mb L: 8/2404 MS: 1 EraseBytes-
#101547	REDUCE cov: 1330 ft: 7218 corp: 1386/282Kb lim: 2443 exec/s: 957 rss: 578Mb L: 169/2404 MS: 1 EraseBytes-
#101623	REDUCE cov: 1330 ft: 7218 corp: 1386/282Kb lim: 2443 exec/s: 958 rss: 578Mb L: 17/2404 MS: 1 EraseBytes-
#101634	REDUCE cov: 1330 ft: 7218 corp: 1386/282Kb lim: 2443 exec/s: 958 rss: 578Mb L: 5/2404 MS: 1 EraseBytes-
#101715	REDUCE cov: 1330 ft: 7218 corp: 1386/282Kb lim: 2443 exec/s: 959 rss: 578Mb L: 18/2404 MS: 1 EraseBytes-
#101981	REDUCE cov: 1330 ft: 7218 corp: 1386/282Kb lim: 2443 exec/s: 962 rss: 578Mb L: 11/2404 MS: 1 EraseBytes-
#102066	REDUCE cov: 1330 ft: 7218 corp: 1386/282Kb lim: 2443 exec/s: 962 rss: 578Mb L: 507/2404 MS: 5 InsertRepeatedBytes-ChangeASCIIInt-EraseBytes-CMP-EraseBytes- DE: "import"-
#102887	REDUCE cov: 1330 ft: 7218 corp: 1386/282Kb lim: 2443 exec/s: 970 rss: 578Mb L: 64/2404 MS: 1 EraseBytes-
#103058	REDUCE cov: 1330 ft: 7218 corp: 1386/282Kb lim: 2443 exec/s: 972 rss: 578Mb L: 8/2404 MS: 1 EraseBytes-
#103465	REDUCE cov: 1330 ft: 7218 corp: 1386/282Kb lim: 2443 exec/s: 976 rss: 578Mb L: 118/2404 MS: 2 CopyPart-EraseBytes-
#103566	REDUCE cov: 1330 ft: 7218 corp: 1386/282Kb lim: 2443 exec/s: 967 rss: 578Mb L: 15/2404 MS: 1 EraseBytes-
#103768	REDUCE cov: 1330 ft: 7218 corp: 1386/282Kb lim: 2443 exec/s: 969 rss: 578Mb L: 73/2404 MS: 2 ChangeBit-EraseBytes-
#104270	REDUCE cov: 1330 ft: 7218 corp: 1386/282Kb lim: 2443 exec/s: 974 rss: 578Mb L: 1221/2404 MS: 2 InsertByte-EraseBytes-
#104341	NEW    cov: 1330 ft: 7219 corp: 1387/282Kb lim: 2443 exec/s: 975 rss: 578Mb L: 119/2404 MS: 1 InsertRepeatedBytes-
#104453	RELOAD cov: 1330 ft: 7222 corp: 1388/283Kb lim: 2443 exec/s: 916 rss: 578Mb
#105082	REDUCE cov: 1330 ft: 7222 corp: 1388/283Kb lim: 2443 exec/s: 921 rss: 578Mb L: 121/2404 MS: 4 ChangeByte-InsertByte-CopyPart-EraseBytes-
#105413	REDUCE cov: 1330 ft: 7222 corp: 1388/283Kb lim: 2443 exec/s: 924 rss: 578Mb L: 107/2404 MS: 1 EraseBytes-
#105570	REDUCE cov: 1330 ft: 7222 corp: 1388/283Kb lim: 2443 exec/s: 926 rss: 578Mb L: 464/2404 MS: 2 InsertByte-EraseBytes-
#105881	REDUCE cov: 1330 ft: 7222 corp: 1388/283Kb lim: 2443 exec/s: 928 rss: 578Mb L: 4/2404 MS: 1 EraseBytes-
#105897	REDUCE cov: 1330 ft: 7222 corp: 1388/283Kb lim: 2443 exec/s: 928 rss: 578Mb L: 184/2404 MS: 1 EraseBytes-
#106149	NEW    cov: 1330 ft: 7223 corp: 1389/283Kb lim: 2443 exec/s: 931 rss: 578Mb L: 62/2404 MS: 2 ShuffleBytes-CopyPart-
#106165	REDUCE cov: 1330 ft: 7223 corp: 1389/283Kb lim: 2443 exec/s: 931 rss: 578Mb L: 21/2404 MS: 1 EraseBytes-
#106506	REDUCE cov: 1330 ft: 7223 corp: 1389/283Kb lim: 2443 exec/s: 934 rss: 578Mb L: 318/2404 MS: 1 EraseBytes-
#106660	REDUCE cov: 1330 ft: 7223 corp: 1389/283Kb lim: 2443 exec/s: 935 rss: 578Mb L: 744/2404 MS: 4 ChangeByte-CrossOver-InsertByte-EraseBytes-
#106956	REDUCE cov: 1330 ft: 7223 corp: 1389/283Kb lim: 2443 exec/s: 938 rss: 578Mb L: 104/2404 MS: 1 EraseBytes-
#107693	REDUCE cov: 1330 ft: 7223 corp: 1389/283Kb lim: 2443 exec/s: 936 rss: 578Mb L: 112/2404 MS: 2 ChangeByte-EraseBytes-
#107890	REDUCE cov: 1330 ft: 7223 corp: 1389/283Kb lim: 2443 exec/s: 938 rss: 578Mb L: 259/2404 MS: 2 ShuffleBytes-EraseBytes-
#108006	REDUCE cov: 1330 ft: 7223 corp: 1389/283Kb lim: 2443 exec/s: 939 rss: 578Mb L: 266/2404 MS: 1 EraseBytes-
#108492	REDUCE cov: 1330 ft: 7223 corp: 1389/283Kb lim: 2443 exec/s: 943 rss: 578Mb L: 408/2404 MS: 1 EraseBytes-
#108878	REDUCE cov: 1330 ft: 7223 corp: 1389/283Kb lim: 2443 exec/s: 946 rss: 578Mb L: 549/2404 MS: 1 EraseBytes-
#109459	REDUCE cov: 1330 ft: 7223 corp: 1389/283Kb lim: 2443 exec/s: 951 rss: 578Mb L: 30/2404 MS: 1 EraseBytes-
#109496	REDUCE cov: 1330 ft: 7223 corp: 1389/283Kb lim: 2443 exec/s: 952 rss: 578Mb L: 860/2404 MS: 2 InsertByte-EraseBytes-
#109802	REDUCE cov: 1330 ft: 7223 corp: 1389/283Kb lim: 2443 exec/s: 954 rss: 578Mb L: 28/2404 MS: 1 EraseBytes-
#110158	REDUCE cov: 1330 ft: 7223 corp: 1389/283Kb lim: 2443 exec/s: 957 rss: 578Mb L: 114/2404 MS: 1 EraseBytes-
#110649	REDUCE cov: 1330 ft: 7223 corp: 1389/283Kb lim: 2443 exec/s: 962 rss: 578Mb L: 37/2404 MS: 1 EraseBytes-
#111125	REDUCE cov: 1330 ft: 7223 corp: 1389/283Kb lim: 2443 exec/s: 966 rss: 578Mb L: 27/2404 MS: 1 EraseBytes-
#111526	REDUCE cov: 1330 ft: 7223 corp: 1389/283Kb lim: 2443 exec/s: 969 rss: 578Mb L: 80/2404 MS: 1 EraseBytes-
#112069	REDUCE cov: 1330 ft: 7223 corp: 1389/283Kb lim: 2443 exec/s: 974 rss: 578Mb L: 69/2404 MS: 3 EraseBytes-ChangeASCIIInt-CopyPart-
#112585	REDUCE cov: 1330 ft: 7223 corp: 1389/283Kb lim: 2443 exec/s: 979 rss: 578Mb L: 254/2404 MS: 1 EraseBytes-
#112587	REDUCE cov: 1330 ft: 7223 corp: 1389/283Kb lim: 2443 exec/s: 979 rss: 578Mb L: 48/2404 MS: 2 CMP-EraseBytes- DE: "\377\377\377\377\377\377\377 "-
#113218	REDUCE cov: 1330 ft: 7223 corp: 1389/283Kb lim: 2443 exec/s: 984 rss: 578Mb L: 71/2404 MS: 1 EraseBytes-
#113322	RELOAD cov: 1330 ft: 7225 corp: 1391/284Kb lim: 2443 exec/s: 913 rss: 578Mb
#113700	REDUCE cov: 1330 ft: 7225 corp: 1391/284Kb lim: 2443 exec/s: 916 rss: 578Mb L: 252/2404 MS: 3 CMP-CrossOver-EraseBytes- DE: "\377\377\377\177"-
#113738	REDUCE cov: 1330 ft: 7225 corp: 1391/284Kb lim: 2443 exec/s: 917 rss: 578Mb L: 24/2404 MS: 3 CopyPart-ChangeBit-EraseBytes-
#113865	REDUCE cov: 1330 ft: 7225 corp: 1391/284Kb lim: 2443 exec/s: 918 rss: 578Mb L: 270/2404 MS: 2 PersAutoDict-EraseBytes- DE: "$\000"-
#114551	REDUCE cov: 1330 ft: 7225 corp: 1391/284Kb lim: 2443 exec/s: 923 rss: 578Mb L: 118/2404 MS: 1 EraseBytes-
#114762	REDUCE cov: 1330 ft: 7225 corp: 1391/284Kb lim: 2443 exec/s: 925 rss: 578Mb L: 37/2404 MS: 1 EraseBytes-
#114924	REDUCE cov: 1330 ft: 7225 corp: 1391/284Kb lim: 2443 exec/s: 926 rss: 578Mb L: 86/2404 MS: 2 ChangeByte-EraseBytes-
#115430	REDUCE cov: 1330 ft: 7225 corp: 1391/284Kb lim: 2443 exec/s: 930 rss: 578Mb L: 976/2404 MS: 1 EraseBytes-
#115583	REDUCE cov: 1330 ft: 7225 corp: 1391/284Kb lim: 2443 exec/s: 932 rss: 578Mb L: 122/2404 MS: 3 ChangeBit-EraseBytes-EraseBytes-
#115800	REDUCE cov: 1330 ft: 7225 corp: 1391/284Kb lim: 2443 exec/s: 933 rss: 578Mb L: 25/2404 MS: 2 PersAutoDict-EraseBytes- DE: "pub"-
#116122	REDUCE cov: 1330 ft: 7225 corp: 1391/284Kb lim: 2443 exec/s: 936 rss: 578Mb L: 106/2404 MS: 2 ChangeASCIIInt-EraseBytes-
#116240	REDUCE cov: 1330 ft: 7225 corp: 1391/284Kb lim: 2443 exec/s: 937 rss: 578Mb L: 32/2404 MS: 3 ChangeBit-ChangeBit-EraseBytes-
#116465	REDUCE cov: 1330 ft: 7225 corp: 1391/284Kb lim: 2443 exec/s: 939 rss: 578Mb L: 827/2404 MS: 5 EraseBytes-ChangeBinInt-ChangeByte-InsertByte-CopyPart-
#116597	REDUCE cov: 1330 ft: 7225 corp: 1391/284Kb lim: 2443 exec/s: 940 rss: 578Mb L: 396/2404 MS: 2 ShuffleBytes-EraseBytes-
#116780	REDUCE cov: 1330 ft: 7225 corp: 1391/284Kb lim: 2443 exec/s: 941 rss: 578Mb L: 102/2404 MS: 3 ChangeBit-ChangeBinInt-EraseBytes-
#117143	REDUCE cov: 1330 ft: 7225 corp: 1391/284Kb lim: 2443 exec/s: 944 rss: 578Mb L: 174/2404 MS: 3 ChangeBit-CMP-EraseBytes- DE: "TUr"-
#117274	REDUCE cov: 1330 ft: 7225 corp: 1391/284Kb lim: 2443 exec/s: 945 rss: 578Mb L: 38/2404 MS: 1 EraseBytes-
#117465	REDUCE cov: 1330 ft: 7225 corp: 1391/284Kb lim: 2443 exec/s: 947 rss: 578Mb L: 528/2404 MS: 1 EraseBytes-
#117547	REDUCE cov: 1330 ft: 7225 corp: 1391/284Kb lim: 2443 exec/s: 947 rss: 578Mb L: 528/2404 MS: 2 CopyPart-CrossOver-
#117913	REDUCE cov: 1330 ft: 7225 corp: 1391/284Kb lim: 2443 exec/s: 950 rss: 578Mb L: 461/2404 MS: 1 EraseBytes-
#118911	REDUCE cov: 1330 ft: 7225 corp: 1391/284Kb lim: 2443 exec/s: 958 rss: 578Mb L: 216/2404 MS: 3 CopyPart-InsertByte-EraseBytes-
#119047	REDUCE cov: 1330 ft: 7225 corp: 1391/284Kb lim: 2443 exec/s: 960 rss: 578Mb L: 26/2404 MS: 1 EraseBytes-
#120148	REDUCE cov: 1330 ft: 7225 corp: 1391/284Kb lim: 2443 exec/s: 968 rss: 578Mb L: 550/2404 MS: 1 EraseBytes-
#120406	REDUCE cov: 1330 ft: 7225 corp: 1391/284Kb lim: 2443 exec/s: 971 rss: 578Mb L: 346/2404 MS: 3 ChangeASCIIInt-ShuffleBytes-EraseBytes-
#121349	REDUCE cov: 1330 ft: 7225 corp: 1391/284Kb lim: 2443 exec/s: 978 rss: 578Mb L: 12/2404 MS: 3 InsertByte-ChangeBit-EraseBytes-
#121660	REDUCE cov: 1330 ft: 7225 corp: 1391/283Kb lim: 2443 exec/s: 981 rss: 578Mb L: 88/2404 MS: 1 EraseBytes-
#122061	REDUCE cov: 1330 ft: 7225 corp: 1391/283Kb lim: 2443 exec/s: 976 rss: 578Mb L: 77/2404 MS: 1 EraseBytes-
#122277	REDUCE cov: 1330 ft: 7225 corp: 1391/283Kb lim: 2443 exec/s: 978 rss: 578Mb L: 81/2404 MS: 1 EraseBytes-
#122398	REDUCE cov: 1330 ft: 7225 corp: 1391/283Kb lim: 2443 exec/s: 979 rss: 578Mb L: 130/2404 MS: 1 EraseBytes-
#122485	REDUCE cov: 1330 ft: 7225 corp: 1391/283Kb lim: 2443 exec/s: 979 rss: 578Mb L: 84/2404 MS: 2 ChangeBinInt-EraseBytes-
#122537	REDUCE cov: 1330 ft: 7225 corp: 1391/283Kb lim: 2443 exec/s: 980 rss: 578Mb L: 256/2404 MS: 2 ChangeBinInt-EraseBytes-
#122646	RELOAD cov: 1330 ft: 7228 corp: 1394/286Kb lim: 2443 exec/s: 922 rss: 578Mb
#123462	REDUCE cov: 1330 ft: 7228 corp: 1394/286Kb lim: 2443 exec/s: 928 rss: 578Mb L: 4/2488 MS: 1 EraseBytes-
#123528	REDUCE cov: 1330 ft: 7228 corp: 1394/286Kb lim: 2443 exec/s: 928 rss: 578Mb L: 14/2488 MS: 1 EraseBytes-
#125169	REDUCE cov: 1330 ft: 7228 corp: 1394/286Kb lim: 2454 exec/s: 941 rss: 578Mb L: 908/2488 MS: 1 EraseBytes-
#126177	REDUCE cov: 1330 ft: 7228 corp: 1394/286Kb lim: 2454 exec/s: 948 rss: 578Mb L: 159/2488 MS: 3 CopyPart-ChangeByte-EraseBytes-
#126223	REDUCE cov: 1330 ft: 7228 corp: 1394/286Kb lim: 2454 exec/s: 949 rss: 578Mb L: 662/2488 MS: 1 EraseBytes-
#126469	REDUCE cov: 1330 ft: 7228 corp: 1394/286Kb lim: 2454 exec/s: 950 rss: 578Mb L: 35/2488 MS: 1 EraseBytes-
#126492	REDUCE cov: 1330 ft: 7228 corp: 1394/285Kb lim: 2454 exec/s: 951 rss: 578Mb L: 1244/2488 MS: 3 InsertByte-CrossOver-EraseBytes-
#126839	REDUCE cov: 1330 ft: 7228 corp: 1394/285Kb lim: 2454 exec/s: 953 rss: 578Mb L: 258/2488 MS: 2 ShuffleBytes-EraseBytes-
#127631	REDUCE cov: 1330 ft: 7228 corp: 1394/285Kb lim: 2454 exec/s: 959 rss: 578Mb L: 264/2488 MS: 2 CrossOver-EraseBytes-
#128988	REDUCE cov: 1330 ft: 7228 corp: 1394/285Kb lim: 2465 exec/s: 962 rss: 578Mb L: 19/2488 MS: 2 CopyPart-EraseBytes-
#129697	REDUCE cov: 1330 ft: 7228 corp: 1394/285Kb lim: 2465 exec/s: 967 rss: 578Mb L: 746/2488 MS: 4 ChangeASCIIInt-ChangeASCIIInt-ChangeASCIIInt-EraseBytes-
#130918	REDUCE cov: 1330 ft: 7228 corp: 1394/285Kb lim: 2476 exec/s: 977 rss: 578Mb L: 65/2488 MS: 1 EraseBytes-
#131072	pulse  cov: 1330 ft: 7228 corp: 1394/285Kb lim: 2476 exec/s: 978 rss: 578Mb
#131156	REDUCE cov: 1330 ft: 7228 corp: 1394/285Kb lim: 2476 exec/s: 978 rss: 578Mb L: 165/2488 MS: 3 ShuffleBytes-CopyPart-EraseBytes-
#131387	REDUCE cov: 1330 ft: 7228 corp: 1394/285Kb lim: 2476 exec/s: 980 rss: 578Mb L: 8/2488 MS: 1 EraseBytes-
#131458	REDUCE cov: 1330 ft: 7228 corp: 1394/285Kb lim: 2476 exec/s: 981 rss: 578Mb L: 461/2488 MS: 1 EraseBytes-
#131804	REDUCE cov: 1330 ft: 7228 corp: 1394/285Kb lim: 2476 exec/s: 983 rss: 578Mb L: 123/2488 MS: 1 EraseBytes-
#132195	REDUCE cov: 1330 ft: 7228 corp: 1394/285Kb lim: 2476 exec/s: 986 rss: 578Mb L: 920/2488 MS: 1 EraseBytes-
#132736	REDUCE cov: 1330 ft: 7228 corp: 1394/285Kb lim: 2476 exec/s: 990 rss: 578Mb L: 184/2488 MS: 1 EraseBytes-
#133512	REDUCE cov: 1330 ft: 7228 corp: 1394/285Kb lim: 2476 exec/s: 996 rss: 578Mb L: 108/2488 MS: 1 EraseBytes-
#133657	REDUCE cov: 1330 ft: 7228 corp: 1394/285Kb lim: 2476 exec/s: 997 rss: 578Mb L: 4/2488 MS: 5 ChangeBinInt-ChangeByte-ChangeBit-CopyPart-EraseBytes-
#134573	REDUCE cov: 1330 ft: 7228 corp: 1394/285Kb lim: 2476 exec/s: 1004 rss: 578Mb L: 72/2488 MS: 1 EraseBytes-
#134675	REDUCE cov: 1330 ft: 7228 corp: 1394/284Kb lim: 2476 exec/s: 1005 rss: 578Mb L: 86/2488 MS: 2 PersAutoDict-EraseBytes- DE: "TUr"-
#135131	REDUCE cov: 1330 ft: 7228 corp: 1394/284Kb lim: 2476 exec/s: 1008 rss: 578Mb L: 10/2488 MS: 1 EraseBytes-
#135508	RELOAD cov: 1330 ft: 7229 corp: 1395/287Kb lim: 2476 exec/s: 954 rss: 578Mb
#135615	REDUCE cov: 1330 ft: 7229 corp: 1395/287Kb lim: 2476 exec/s: 955 rss: 578Mb L: 9/2488 MS: 2 ChangeBinInt-EraseBytes-
#135653	REDUCE cov: 1330 ft: 7229 corp: 1395/287Kb lim: 2476 exec/s: 955 rss: 578Mb L: 66/2488 MS: 3 PersAutoDict-ShuffleBytes-EraseBytes- DE: "TUr"-
#136180	REDUCE cov: 1330 ft: 7229 corp: 1395/287Kb lim: 2476 exec/s: 952 rss: 578Mb L: 385/2488 MS: 2 ChangeByte-EraseBytes-
#136407	REDUCE cov: 1330 ft: 7229 corp: 1395/287Kb lim: 2476 exec/s: 953 rss: 578Mb L: 303/2488 MS: 2 ChangeBit-EraseBytes-
#137343	REDUCE cov: 1330 ft: 7229 corp: 1395/287Kb lim: 2476 exec/s: 960 rss: 578Mb L: 21/2488 MS: 1 EraseBytes-
#137424	REDUCE cov: 1330 ft: 7229 corp: 1395/287Kb lim: 2476 exec/s: 961 rss: 578Mb L: 906/2488 MS: 1 EraseBytes-
#138245	REDUCE cov: 1330 ft: 7229 corp: 1395/287Kb lim: 2476 exec/s: 966 rss: 578Mb L: 40/2488 MS: 1 EraseBytes-
#138262	REDUCE cov: 1330 ft: 7229 corp: 1395/287Kb lim: 2476 exec/s: 966 rss: 578Mb L: 86/2488 MS: 2 ChangeByte-EraseBytes-
#138603	REDUCE cov: 1330 ft: 7229 corp: 1395/287Kb lim: 2476 exec/s: 969 rss: 578Mb L: 166/2488 MS: 1 EraseBytes-
#138955	REDUCE cov: 1330 ft: 7229 corp: 1395/287Kb lim: 2476 exec/s: 971 rss: 578Mb L: 13/2488 MS: 2 ChangeASCIIInt-EraseBytes-
#139096	REDUCE cov: 1330 ft: 7229 corp: 1395/287Kb lim: 2476 exec/s: 972 rss: 578Mb L: 424/2488 MS: 1 EraseBytes-
#139492	REDUCE cov: 1330 ft: 7229 corp: 1395/287Kb lim: 2476 exec/s: 975 rss: 578Mb L: 112/2488 MS: 1 EraseBytes-
#139953	REDUCE cov: 1330 ft: 7229 corp: 1395/287Kb lim: 2476 exec/s: 978 rss: 578Mb L: 88/2488 MS: 1 EraseBytes-
#140249	REDUCE cov: 1330 ft: 7229 corp: 1395/287Kb lim: 2476 exec/s: 980 rss: 578Mb L: 153/2488 MS: 1 EraseBytes-
#140370	REDUCE cov: 1330 ft: 7229 corp: 1395/287Kb lim: 2476 exec/s: 981 rss: 578Mb L: 5/2488 MS: 1 EraseBytes-
#140886	REDUCE cov: 1330 ft: 7229 corp: 1395/287Kb lim: 2476 exec/s: 985 rss: 578Mb L: 18/2488 MS: 1 EraseBytes-
#141332	REDUCE cov: 1330 ft: 7229 corp: 1395/287Kb lim: 2476 exec/s: 988 rss: 578Mb L: 85/2488 MS: 1 EraseBytes-
#141403	REDUCE cov: 1330 ft: 7229 corp: 1395/287Kb lim: 2476 exec/s: 988 rss: 578Mb L: 27/2488 MS: 1 EraseBytes-
#141979	REDUCE cov: 1330 ft: 7229 corp: 1395/287Kb lim: 2476 exec/s: 992 rss: 578Mb L: 1037/2488 MS: 1 EraseBytes-
#142126	REDUCE cov: 1330 ft: 7229 corp: 1395/287Kb lim: 2476 exec/s: 993 rss: 578Mb L: 69/2488 MS: 2 CMP-EraseBytes- DE: "\001\000\000\000\000\000\000\000"-
#142362	REDUCE cov: 1330 ft: 7229 corp: 1395/287Kb lim: 2476 exec/s: 995 rss: 578Mb L: 12/2488 MS: 1 EraseBytes-
#142543	REDUCE cov: 1330 ft: 7229 corp: 1395/287Kb lim: 2476 exec/s: 996 rss: 578Mb L: 20/2488 MS: 1 EraseBytes-
#142744	REDUCE cov: 1330 ft: 7229 corp: 1395/287Kb lim: 2476 exec/s: 998 rss: 578Mb L: 390/2488 MS: 1 EraseBytes-
#143205	REDUCE cov: 1330 ft: 7229 corp: 1395/287Kb lim: 2476 exec/s: 1001 rss: 578Mb L: 16/2488 MS: 1 EraseBytes-
#143414	REDUCE cov: 1330 ft: 7229 corp: 1395/287Kb lim: 2476 exec/s: 943 rss: 578Mb L: 16/2488 MS: 5 PersAutoDict-ShuffleBytes-PersAutoDict-PersAutoDict-EraseBytes- DE: "\011\000\000\000"-"\001\000\000\000\000\000\000\000"-"$\000"-
#143449	REDUCE cov: 1330 ft: 7229 corp: 1395/286Kb lim: 2476 exec/s: 943 rss: 578Mb L: 556/2488 MS: 5 PersAutoDict-ChangeBit-EraseBytes-EraseBytes-CopyPart- DE: "\000\000\000\000"-
#143485	REDUCE cov: 1330 ft: 7229 corp: 1395/286Kb lim: 2476 exec/s: 943 rss: 578Mb L: 136/2488 MS: 1 EraseBytes-
#143812	REDUCE cov: 1330 ft: 7229 corp: 1395/286Kb lim: 2476 exec/s: 946 rss: 578Mb L: 54/2488 MS: 2 ShuffleBytes-EraseBytes-
#144728	REDUCE cov: 1330 ft: 7229 corp: 1395/286Kb lim: 2476 exec/s: 945 rss: 578Mb L: 251/2488 MS: 1 EraseBytes-
#144799	REDUCE cov: 1330 ft: 7229 corp: 1395/286Kb lim: 2476 exec/s: 946 rss: 578Mb L: 220/2488 MS: 1 EraseBytes-
#145505	REDUCE cov: 1330 ft: 7229 corp: 1395/286Kb lim: 2476 exec/s: 951 rss: 578Mb L: 23/2488 MS: 1 EraseBytes-
#145834	REDUCE cov: 1330 ft: 7229 corp: 1395/286Kb lim: 2476 exec/s: 953 rss: 578Mb L: 161/2488 MS: 4 PersAutoDict-ChangeByte-ChangeASCIIInt-EraseBytes- DE: "pub"-
#145971	REDUCE cov: 1330 ft: 7229 corp: 1395/286Kb lim: 2476 exec/s: 954 rss: 578Mb L: 151/2488 MS: 2 ChangeASCIIInt-EraseBytes-
#146177	REDUCE cov: 1330 ft: 7229 corp: 1395/286Kb lim: 2476 exec/s: 955 rss: 578Mb L: 385/2488 MS: 1 EraseBytes-
#146503	REDUCE cov: 1330 ft: 7229 corp: 1395/286Kb lim: 2476 exec/s: 957 rss: 578Mb L: 80/2488 MS: 1 EraseBytes-
#146643	REDUCE cov: 1330 ft: 7229 corp: 1395/286Kb lim: 2476 exec/s: 958 rss: 578Mb L: 1035/2488 MS: 5 ChangeByte-InsertRepeatedBytes-ShuffleBytes-CrossOver-EraseBytes-
#148180	REDUCE cov: 1330 ft: 7229 corp: 1395/286Kb lim: 2487 exec/s: 968 rss: 578Mb L: 48/2488 MS: 2 ShuffleBytes-EraseBytes-
#148576	REDUCE cov: 1330 ft: 7229 corp: 1395/286Kb lim: 2487 exec/s: 971 rss: 578Mb L: 6/2488 MS: 1 EraseBytes-
#148682	REDUCE cov: 1330 ft: 7229 corp: 1395/286Kb lim: 2487 exec/s: 971 rss: 578Mb L: 12/2488 MS: 1 EraseBytes-
#149208	REDUCE cov: 1330 ft: 7229 corp: 1395/286Kb lim: 2487 exec/s: 975 rss: 578Mb L: 32/2488 MS: 1 EraseBytes-
#149394	REDUCE cov: 1330 ft: 7229 corp: 1395/286Kb lim: 2487 exec/s: 976 rss: 578Mb L: 47/2488 MS: 1 EraseBytes-
#151120	REDUCE cov: 1330 ft: 7229 corp: 1395/286Kb lim: 2498 exec/s: 987 rss: 578Mb L: 254/2488 MS: 1 EraseBytes-
#152141	REDUCE cov: 1330 ft: 7229 corp: 1395/286Kb lim: 2498 exec/s: 994 rss: 578Mb L: 22/2488 MS: 1 EraseBytes-
#152342	REDUCE cov: 1330 ft: 7229 corp: 1395/286Kb lim: 2498 exec/s: 995 rss: 578Mb L: 101/2488 MS: 1 EraseBytes-
#152625	REDUCE cov: 1330 ft: 7229 corp: 1395/286Kb lim: 2498 exec/s: 997 rss: 578Mb L: 8/2488 MS: 3 CopyPart-ChangeByte-EraseBytes-
#152786	REDUCE cov: 1330 ft: 7229 corp: 1395/286Kb lim: 2498 exec/s: 998 rss: 578Mb L: 91/2488 MS: 1 EraseBytes-
#152792	REDUCE cov: 1330 ft: 7229 corp: 1395/286Kb lim: 2498 exec/s: 998 rss: 578Mb L: 14/2488 MS: 1 EraseBytes-
#152863	REDUCE cov: 1330 ft: 7229 corp: 1395/286Kb lim: 2498 exec/s: 999 rss: 578Mb L: 173/2488 MS: 1 EraseBytes-
#152929	REDUCE cov: 1330 ft: 7229 corp: 1395/286Kb lim: 2498 exec/s: 999 rss: 578Mb L: 33/2488 MS: 1 EraseBytes-
#153220	REDUCE cov: 1330 ft: 7229 corp: 1395/286Kb lim: 2498 exec/s: 1001 rss: 578Mb L: 160/2488 MS: 1 EraseBytes-
#153521	RELOAD cov: 1330 ft: 7231 corp: 1397/290Kb lim: 2498 exec/s: 947 rss: 578Mb
#153637	REDUCE cov: 1330 ft: 7231 corp: 1397/290Kb lim: 2498 exec/s: 948 rss: 578Mb L: 210/2488 MS: 1 EraseBytes-
#154869	REDUCE cov: 1330 ft: 7231 corp: 1397/290Kb lim: 2509 exec/s: 955 rss: 578Mb L: 755/2488 MS: 2 ChangeASCIIInt-EraseBytes-
#154970	REDUCE cov: 1330 ft: 7231 corp: 1397/290Kb lim: 2509 exec/s: 956 rss: 578Mb L: 95/2488 MS: 1 EraseBytes-
#155616	REDUCE cov: 1330 ft: 7231 corp: 1397/290Kb lim: 2509 exec/s: 960 rss: 578Mb L: 47/2488 MS: 1 EraseBytes-
#156057	REDUCE cov: 1330 ft: 7231 corp: 1397/290Kb lim: 2509 exec/s: 963 rss: 578Mb L: 47/2488 MS: 1 EraseBytes-
#157163	REDUCE cov: 1330 ft: 7231 corp: 1397/290Kb lim: 2520 exec/s: 970 rss: 578Mb L: 11/2488 MS: 1 EraseBytes-
#157831	REDUCE cov: 1330 ft: 7231 corp: 1397/290Kb lim: 2520 exec/s: 974 rss: 578Mb L: 48/2488 MS: 3 ChangeByte-ChangeASCIIInt-EraseBytes-
#158057	REDUCE cov: 1330 ft: 7231 corp: 1397/290Kb lim: 2520 exec/s: 975 rss: 578Mb L: 1209/2488 MS: 1 EraseBytes-
#159026	REDUCE cov: 1330 ft: 7231 corp: 1397/290Kb lim: 2520 exec/s: 981 rss: 578Mb L: 16/2488 MS: 4 ShuffleBytes-ShuffleBytes-ShuffleBytes-EraseBytes-
#159132	REDUCE cov: 1330 ft: 7231 corp: 1397/290Kb lim: 2520 exec/s: 982 rss: 578Mb L: 61/2488 MS: 1 EraseBytes-
#162058	REDUCE cov: 1330 ft: 7231 corp: 1397/290Kb lim: 2542 exec/s: 994 rss: 578Mb L: 149/2488 MS: 1 EraseBytes-
#162784	REDUCE cov: 1330 ft: 7231 corp: 1397/290Kb lim: 2542 exec/s: 998 rss: 578Mb L: 594/2488 MS: 1 EraseBytes-
#163850	REDUCE cov: 1330 ft: 7231 corp: 1397/290Kb lim: 2542 exec/s: 1005 rss: 578Mb L: 21/2488 MS: 1 EraseBytes-
#164021	REDUCE cov: 1330 ft: 7231 corp: 1397/290Kb lim: 2542 exec/s: 953 rss: 578Mb L: 125/2488 MS: 2 ShuffleBytes-EraseBytes-
#164132	REDUCE cov: 1330 ft: 7231 corp: 1397/290Kb lim: 2542 exec/s: 954 rss: 578Mb L: 57/2488 MS: 1 EraseBytes-
#164513	REDUCE cov: 1330 ft: 7231 corp: 1397/290Kb lim: 2542 exec/s: 956 rss: 578Mb L: 59/2488 MS: 1 EraseBytes-
#164545	REDUCE cov: 1330 ft: 7231 corp: 1397/290Kb lim: 2542 exec/s: 956 rss: 578Mb L: 542/2488 MS: 2 PersAutoDict-EraseBytes- DE: "\377\377\377\177"-
#165901	REDUCE cov: 1330 ft: 7231 corp: 1397/290Kb lim: 2553 exec/s: 964 rss: 578Mb L: 71/2488 MS: 1 EraseBytes-
#166567	REDUCE cov: 1330 ft: 7231 corp: 1397/290Kb lim: 2553 exec/s: 968 rss: 578Mb L: 132/2488 MS: 1 EraseBytes-
#166608	REDUCE cov: 1330 ft: 7231 corp: 1397/290Kb lim: 2553 exec/s: 968 rss: 578Mb L: 770/2488 MS: 1 EraseBytes-
#167424	REDUCE cov: 1330 ft: 7231 corp: 1397/290Kb lim: 2553 exec/s: 973 rss: 578Mb L: 100/2488 MS: 1 EraseBytes-
#167776	REDUCE cov: 1330 ft: 7231 corp: 1397/290Kb lim: 2553 exec/s: 975 rss: 578Mb L: 101/2488 MS: 2 ChangeBit-EraseBytes-
#167831	REDUCE cov: 1330 ft: 7231 corp: 1397/290Kb lim: 2553 exec/s: 975 rss: 578Mb L: 314/2488 MS: 5 ChangeBinInt-ShuffleBytes-CopyPart-PersAutoDict-EraseBytes- DE: "domain"-
#168004	REDUCE cov: 1330 ft: 7231 corp: 1397/290Kb lim: 2553 exec/s: 976 rss: 578Mb L: 202/2488 MS: 3 CMP-ChangeBinInt-EraseBytes- DE: "m\000\000\000\000\000\000\000"-
#168427	REDUCE cov: 1330 ft: 7231 corp: 1397/290Kb lim: 2553 exec/s: 979 rss: 578Mb L: 23/2488 MS: 3 ChangeBit-EraseBytes-EraseBytes-
#170059	REDUCE cov: 1330 ft: 7231 corp: 1397/290Kb lim: 2564 exec/s: 988 rss: 578Mb L: 6/2488 MS: 2 PersAutoDict-EraseBytes- DE: "TUr"-
#170082	REDUCE cov: 1330 ft: 7231 corp: 1397/290Kb lim: 2564 exec/s: 988 rss: 578Mb L: 173/2488 MS: 3 ChangeBit-ChangeBit-EraseBytes-
#170204	REDUCE cov: 1330 ft: 7231 corp: 1397/290Kb lim: 2564 exec/s: 983 rss: 578Mb L: 63/2488 MS: 2 EraseBytes-PersAutoDict- DE: "TUr"-
#170382	REDUCE cov: 1330 ft: 7231 corp: 1397/290Kb lim: 2564 exec/s: 984 rss: 578Mb L: 31/2488 MS: 3 ChangeByte-InsertByte-EraseBytes-
#170503	REDUCE cov: 1330 ft: 7231 corp: 1397/290Kb lim: 2564 exec/s: 985 rss: 578Mb L: 380/2488 MS: 1 EraseBytes-
#170594	REDUCE cov: 1330 ft: 7231 corp: 1397/290Kb lim: 2564 exec/s: 986 rss: 578Mb L: 78/2488 MS: 1 EraseBytes-
#170854	REDUCE cov: 1330 ft: 7231 corp: 1397/290Kb lim: 2564 exec/s: 987 rss: 578Mb L: 56/2488 MS: 5 EraseBytes-ChangeByte-ChangeByte-ShuffleBytes-ChangeBit-
#170967	REDUCE cov: 1330 ft: 7231 corp: 1397/290Kb lim: 2564 exec/s: 988 rss: 578Mb L: 214/2488 MS: 3 ChangeByte-CrossOver-EraseBytes-
#171518	REDUCE cov: 1330 ft: 7231 corp: 1397/290Kb lim: 2564 exec/s: 991 rss: 578Mb L: 94/2488 MS: 1 EraseBytes-
#173024	REDUCE cov: 1330 ft: 7231 corp: 1397/290Kb lim: 2575 exec/s: 1000 rss: 578Mb L: 663/2488 MS: 1 EraseBytes-
#174212	RELOAD cov: 1330 ft: 7233 corp: 1399/294Kb lim: 2575 exec/s: 962 rss: 578Mb
#175178	REDUCE cov: 1330 ft: 7233 corp: 1399/294Kb lim: 2586 exec/s: 962 rss: 578Mb L: 20/2488 MS: 1 EraseBytes-
#175436	REDUCE cov: 1330 ft: 7233 corp: 1399/294Kb lim: 2586 exec/s: 963 rss: 578Mb L: 3/2488 MS: 3 ChangeBinInt-InsertByte-EraseBytes-
#175527	REDUCE cov: 1330 ft: 7233 corp: 1399/294Kb lim: 2586 exec/s: 964 rss: 578Mb L: 136/2488 MS: 1 EraseBytes-
#175723	REDUCE cov: 1330 ft: 7233 corp: 1399/294Kb lim: 2586 exec/s: 965 rss: 578Mb L: 21/2488 MS: 1 EraseBytes-
#176069	REDUCE cov: 1330 ft: 7233 corp: 1399/294Kb lim: 2586 exec/s: 967 rss: 578Mb L: 91/2488 MS: 1 EraseBytes-
#176091	REDUCE cov: 1330 ft: 7233 corp: 1399/294Kb lim: 2586 exec/s: 967 rss: 578Mb L: 672/2488 MS: 2 ChangeBinInt-EraseBytes-
#176098	REDUCE cov: 1330 ft: 7233 corp: 1399/294Kb lim: 2586 exec/s: 967 rss: 578Mb L: 26/2488 MS: 2 ChangeBit-EraseBytes-
#176699	REDUCE cov: 1330 ft: 7233 corp: 1399/294Kb lim: 2586 exec/s: 970 rss: 578Mb L: 49/2488 MS: 1 EraseBytes-
#177246	REDUCE cov: 1330 ft: 7233 corp: 1399/294Kb lim: 2586 exec/s: 973 rss: 578Mb L: 60/2488 MS: 2 ChangeASCIIInt-EraseBytes-
#177387	REDUCE cov: 1330 ft: 7233 corp: 1399/294Kb lim: 2586 exec/s: 974 rss: 578Mb L: 422/2488 MS: 1 EraseBytes-
#177409	REDUCE cov: 1330 ft: 7233 corp: 1399/294Kb lim: 2586 exec/s: 974 rss: 578Mb L: 202/2488 MS: 2 ChangeByte-EraseBytes-
#177760	REDUCE cov: 1330 ft: 7233 corp: 1399/294Kb lim: 2586 exec/s: 976 rss: 578Mb L: 45/2488 MS: 1 EraseBytes-
#178086	REDUCE cov: 1330 ft: 7233 corp: 1399/294Kb lim: 2586 exec/s: 978 rss: 578Mb L: 324/2488 MS: 1 EraseBytes-
#178144	REDUCE cov: 1330 ft: 7233 corp: 1399/293Kb lim: 2586 exec/s: 978 rss: 578Mb L: 1274/2488 MS: 3 ChangeBit-CopyPart-EraseBytes-
#180102	REDUCE cov: 1330 ft: 7233 corp: 1399/293Kb lim: 2597 exec/s: 989 rss: 578Mb L: 88/2488 MS: 3 InsertByte-ChangeBit-EraseBytes-
#180479	REDUCE cov: 1330 ft: 7233 corp: 1399/293Kb lim: 2597 exec/s: 991 rss: 578Mb L: 487/2488 MS: 2 CrossOver-EraseBytes-
#180625	REDUCE cov: 1330 ft: 7233 corp: 1399/293Kb lim: 2597 exec/s: 992 rss: 578Mb L: 250/2488 MS: 1 EraseBytes-
#180807	REDUCE cov: 1330 ft: 7233 corp: 1399/293Kb lim: 2597 exec/s: 993 rss: 578Mb L: 22/2488 MS: 2 ChangeByte-EraseBytes-
#180829	REDUCE cov: 1330 ft: 7233 corp: 1399/293Kb lim: 2597 exec/s: 993 rss: 578Mb L: 20/2488 MS: 2 ChangeBit-EraseBytes-
#180960	REDUCE cov: 1330 ft: 7233 corp: 1399/293Kb lim: 2597 exec/s: 994 rss: 578Mb L: 460/2488 MS: 1 EraseBytes-
#181256	REDUCE cov: 1330 ft: 7233 corp: 1399/293Kb lim: 2597 exec/s: 995 rss: 578Mb L: 78/2488 MS: 1 EraseBytes-
#181461	REDUCE cov: 1330 ft: 7233 corp: 1399/293Kb lim: 2597 exec/s: 997 rss: 578Mb L: 177/2488 MS: 5 CopyPart-CMP-CMP-ChangeASCIIInt-EraseBytes- DE: "text"-"KKKK"-
#181772	REDUCE cov: 1330 ft: 7233 corp: 1399/293Kb lim: 2597 exec/s: 998 rss: 578Mb L: 1020/2488 MS: 1 EraseBytes-
#181833	REDUCE cov: 1330 ft: 7233 corp: 1399/293Kb lim: 2597 exec/s: 999 rss: 578Mb L: 15/2488 MS: 1 EraseBytes-
#182456	REDUCE cov: 1330 ft: 7233 corp: 1399/293Kb lim: 2597 exec/s: 1002 rss: 578Mb L: 296/2488 MS: 3 ShuffleBytes-PersAutoDict-EraseBytes- DE: "text"-
#182633	REDUCE cov: 1330 ft: 7233 corp: 1399/293Kb lim: 2597 exec/s: 1003 rss: 578Mb L: 17/2488 MS: 2 CMP-EraseBytes- DE: "\001s"-
#182890	REDUCE cov: 1330 ft: 7233 corp: 1399/293Kb lim: 2597 exec/s: 1004 rss: 578Mb L: 192/2488 MS: 2 InsertByte-EraseBytes-
#182902	REDUCE cov: 1330 ft: 7233 corp: 1399/293Kb lim: 2597 exec/s: 1004 rss: 578Mb L: 279/2488 MS: 2 ChangeBinInt-EraseBytes-
#182963	REDUCE cov: 1330 ft: 7233 corp: 1399/293Kb lim: 2597 exec/s: 1005 rss: 578Mb L: 151/2488 MS: 1 EraseBytes-
#183604	REDUCE cov: 1330 ft: 7233 corp: 1399/293Kb lim: 2597 exec/s: 1008 rss: 578Mb L: 289/2488 MS: 1 EraseBytes-
#183941	REDUCE cov: 1330 ft: 7233 corp: 1399/293Kb lim: 2597 exec/s: 1010 rss: 578Mb L: 98/2488 MS: 2 PersAutoDict-EraseBytes- DE: "$\000"-
#184156	RELOAD cov: 1330 ft: 7235 corp: 1400/294Kb lim: 2597 exec/s: 964 rss: 578Mb
#184257	REDUCE cov: 1330 ft: 7235 corp: 1400/294Kb lim: 2597 exec/s: 964 rss: 578Mb L: 221/2488 MS: 1 EraseBytes-
#184274	REDUCE cov: 1330 ft: 7235 corp: 1400/294Kb lim: 2597 exec/s: 964 rss: 578Mb L: 199/2488 MS: 2 CrossOver-EraseBytes-
#184516	REDUCE cov: 1330 ft: 7235 corp: 1400/294Kb lim: 2597 exec/s: 966 rss: 578Mb L: 150/2488 MS: 2 CopyPart-EraseBytes-
#184651	REDUCE cov: 1330 ft: 7235 corp: 1400/294Kb lim: 2597 exec/s: 966 rss: 578Mb L: 213/2488 MS: 5 ChangeBit-InsertRepeatedBytes-ChangeBit-ShuffleBytes-EraseBytes-
#185132	REDUCE cov: 1330 ft: 7235 corp: 1400/294Kb lim: 2597 exec/s: 969 rss: 578Mb L: 11/2488 MS: 1 EraseBytes-
#185295	REDUCE cov: 1330 ft: 7235 corp: 1400/294Kb lim: 2597 exec/s: 965 rss: 578Mb L: 192/2488 MS: 3 ChangeASCIIInt-ShuffleBytes-EraseBytes-
#185636	REDUCE cov: 1330 ft: 7235 corp: 1400/294Kb lim: 2597 exec/s: 966 rss: 578Mb L: 15/2488 MS: 1 EraseBytes-
#187019	REDUCE cov: 1330 ft: 7235 corp: 1400/294Kb lim: 2608 exec/s: 974 rss: 578Mb L: 210/2488 MS: 3 ShuffleBytes-ChangeBit-EraseBytes-
#188158	REDUCE cov: 1330 ft: 7235 corp: 1400/294Kb lim: 2619 exec/s: 979 rss: 578Mb L: 55/2488 MS: 4 ChangeByte-EraseBytes-CopyPart-ChangeByte-
#188424	REDUCE cov: 1330 ft: 7235 corp: 1400/294Kb lim: 2619 exec/s: 981 rss: 578Mb L: 183/2488 MS: 1 EraseBytes-
#188757	REDUCE cov: 1330 ft: 7235 corp: 1400/294Kb lim: 2619 exec/s: 983 rss: 578Mb L: 26/2488 MS: 3 InsertByte-ShuffleBytes-EraseBytes-
#188798	REDUCE cov: 1330 ft: 7235 corp: 1400/294Kb lim: 2619 exec/s: 983 rss: 578Mb L: 5/2488 MS: 1 EraseBytes-
#188890	REDUCE cov: 1330 ft: 7235 corp: 1400/294Kb lim: 2619 exec/s: 983 rss: 578Mb L: 342/2488 MS: 2 CopyPart-EraseBytes-
#189766	REDUCE cov: 1330 ft: 7235 corp: 1400/294Kb lim: 2619 exec/s: 988 rss: 578Mb L: 196/2488 MS: 1 EraseBytes-
#190027	REDUCE cov: 1330 ft: 7235 corp: 1400/294Kb lim: 2619 exec/s: 989 rss: 578Mb L: 116/2488 MS: 1 EraseBytes-
#190123	REDUCE cov: 1330 ft: 7235 corp: 1400/294Kb lim: 2619 exec/s: 990 rss: 578Mb L: 131/2488 MS: 1 EraseBytes-
#190129	REDUCE cov: 1330 ft: 7235 corp: 1400/294Kb lim: 2619 exec/s: 990 rss: 578Mb L: 35/2488 MS: 1 EraseBytes-
#190130	REDUCE cov: 1330 ft: 7235 corp: 1400/294Kb lim: 2619 exec/s: 990 rss: 578Mb L: 218/2488 MS: 1 EraseBytes-
#190546	REDUCE cov: 1330 ft: 7235 corp: 1400/294Kb lim: 2619 exec/s: 992 rss: 578Mb L: 2121/2488 MS: 1 EraseBytes-
#190557	REDUCE cov: 1330 ft: 7235 corp: 1400/294Kb lim: 2619 exec/s: 992 rss: 578Mb L: 50/2488 MS: 1 EraseBytes-
#190598	REDUCE cov: 1330 ft: 7235 corp: 1400/294Kb lim: 2619 exec/s: 992 rss: 578Mb L: 189/2488 MS: 1 EraseBytes-
#190649	REDUCE cov: 1330 ft: 7235 corp: 1400/294Kb lim: 2619 exec/s: 992 rss: 578Mb L: 4/2488 MS: 1 EraseBytes-
#191345	REDUCE cov: 1330 ft: 7235 corp: 1400/294Kb lim: 2619 exec/s: 996 rss: 578Mb L: 110/2488 MS: 1 EraseBytes-
#191541	RELOAD cov: 1330 ft: 7237 corp: 1402/294Kb lim: 2619 exec/s: 952 rss: 578Mb
#191541	DONE   cov: 1330 ft: 7237 corp: 1402/294Kb lim: 2619 exec/s: 952 rss: 578Mb
###### Recommended dictionary. ######
"domain" # Uses: 2501
"\011\000\000\000" # Uses: 1912
"else" # Uses: 1827
"\001\000\000\000\000\000\000\000" # Uses: 1462
"\000\000\000\000" # Uses: 1375
"as" # Uses: 1209
"$\000" # Uses: 964
"pub" # Uses: 870
"import" # Uses: 639
"\377\377\377\377\377\377\377 " # Uses: 525
"\377\377\377\177" # Uses: 568
"TUr" # Uses: 502
"m\000\000\000\000\000\000\000" # Uses: 132
"text" # Uses: 51
"KKKK" # Uses: 48
"\001s" # Uses: 34
###### End of recommended dictionary. ######
Done 191541 runs in 202 second(s)
