INFO: Running with entropic power schedule (0xFF, 100).
INFO: Seed: 3988424548
INFO: Loaded 1 modules   (3349 inline 8-bit counters): 3349 [0x557ad078e7f0, 0x557ad078f505), 
INFO: Loaded 1 PC tables (3349 PCs): 3349 [0x557ad078f508,0x557ad079c658), 
INFO:    10533 files found in /mnt/c/Users/Komplaza/Documents/GitHub/aura-lang/fuzz/corpus/fuzz_fmt
INFO: -max_len is not provided; libFuzzer will not generate inputs larger than 4096 bytes
INFO: seed corpus: files: 10533 min: 1b max: 2278b total: 2979605b rss: 43Mb
#2	pulse  ft: 293 exec/s: 0 rss: 44Mb
#4	pulse  cov: 318 ft: 377 corp: 2/2b exec/s: 0 rss: 44Mb
#8	pulse  cov: 358 ft: 457 corp: 6/6b exec/s: 1 rss: 45Mb
#16	pulse  cov: 422 ft: 503 corp: 13/13b exec/s: 3 rss: 45Mb
#32	pulse  cov: 527 ft: 729 corp: 28/36b exec/s: 6 rss: 46Mb
#64	pulse  cov: 602 ft: 914 corp: 53/86b exec/s: 12 rss: 47Mb
#128	pulse  cov: 658 ft: 1214 corp: 97/207b exec/s: 25 rss: 50Mb
#256	pulse  cov: 789 ft: 1709 corp: 165/474b exec/s: 51 rss: 54Mb
#512	pulse  cov: 846 ft: 2084 corp: 248/952b exec/s: 85 rss: 59Mb
#1024	pulse  cov: 976 ft: 2800 corp: 401/2336b exec/s: 170 rss: 70Mb
#2048	pulse  cov: 1162 ft: 3620 corp: 570/5238b exec/s: 256 rss: 90Mb
#4096	pulse  cov: 1289 ft: 4988 corp: 816/15920b exec/s: 372 rss: 145Mb
#8192	pulse  cov: 1325 ft: 6617 corp: 1175/83Kb exec/s: 455 rss: 386Mb
#10534	INITED cov: 1326 ft: 7181 corp: 1364/260Kb exec/s: 458 rss: 585Mb
#10570	REDUCE cov: 1326 ft: 7181 corp: 1364/260Kb lim: 2289 exec/s: 459 rss: 586Mb L: 11/2278 MS: 1 EraseBytes-
#11716	REDUCE cov: 1326 ft: 7181 corp: 1364/260Kb lim: 2300 exec/s: 509 rss: 586Mb L: 136/2278 MS: 1 EraseBytes-
#12122	REDUCE cov: 1326 ft: 7181 corp: 1364/260Kb lim: 2300 exec/s: 527 rss: 586Mb L: 11/2278 MS: 1 EraseBytes-
#12355	REDUCE cov: 1326 ft: 7181 corp: 1364/260Kb lim: 2300 exec/s: 537 rss: 586Mb L: 460/2278 MS: 3 ChangeBit-ShuffleBytes-EraseBytes-
#12491	REDUCE cov: 1326 ft: 7181 corp: 1364/260Kb lim: 2300 exec/s: 543 rss: 586Mb L: 73/2278 MS: 1 EraseBytes-
#13538	REDUCE cov: 1326 ft: 7181 corp: 1364/260Kb lim: 2300 exec/s: 588 rss: 586Mb L: 56/2278 MS: 2 ShuffleBytes-EraseBytes-
#13619	REDUCE cov: 1326 ft: 7181 corp: 1364/260Kb lim: 2300 exec/s: 592 rss: 586Mb L: 2/2278 MS: 1 EraseBytes-
#13790	REDUCE cov: 1326 ft: 7181 corp: 1364/260Kb lim: 2300 exec/s: 599 rss: 586Mb L: 86/2278 MS: 1 EraseBytes-
#14167	REDUCE cov: 1326 ft: 7181 corp: 1364/260Kb lim: 2300 exec/s: 615 rss: 586Mb L: 135/2278 MS: 2 ChangeBit-EraseBytes-
#14748	REDUCE cov: 1326 ft: 7181 corp: 1364/260Kb lim: 2300 exec/s: 614 rss: 586Mb L: 246/2278 MS: 1 EraseBytes-
#14855	REDUCE cov: 1326 ft: 7181 corp: 1364/260Kb lim: 2300 exec/s: 618 rss: 586Mb L: 346/2278 MS: 2 ChangeBit-EraseBytes-
#15807	REDUCE cov: 1326 ft: 7181 corp: 1364/259Kb lim: 2300 exec/s: 658 rss: 586Mb L: 1972/2278 MS: 2 CopyPart-EraseBytes-
#15943	REDUCE cov: 1326 ft: 7181 corp: 1364/259Kb lim: 2300 exec/s: 664 rss: 586Mb L: 30/2278 MS: 1 EraseBytes-
#15951	REDUCE cov: 1326 ft: 7181 corp: 1364/259Kb lim: 2300 exec/s: 664 rss: 586Mb L: 354/2278 MS: 3 ChangeBinInt-CrossOver-EraseBytes-
#16117	REDUCE cov: 1326 ft: 7181 corp: 1364/259Kb lim: 2300 exec/s: 671 rss: 586Mb L: 15/2278 MS: 1 EraseBytes-
#16348	REDUCE cov: 1326 ft: 7181 corp: 1364/259Kb lim: 2300 exec/s: 681 rss: 586Mb L: 239/2278 MS: 1 EraseBytes-
#16354	REDUCE cov: 1326 ft: 7181 corp: 1364/259Kb lim: 2300 exec/s: 681 rss: 586Mb L: 131/2278 MS: 1 EraseBytes-
#16384	pulse  cov: 1326 ft: 7181 corp: 1364/259Kb lim: 2300 exec/s: 682 rss: 586Mb
#16586	REDUCE cov: 1326 ft: 7181 corp: 1364/259Kb lim: 2300 exec/s: 691 rss: 586Mb L: 55/2278 MS: 2 ChangeASCIIInt-EraseBytes-
#16639	REDUCE cov: 1326 ft: 7181 corp: 1364/259Kb lim: 2300 exec/s: 693 rss: 586Mb L: 1018/2278 MS: 3 ShuffleBytes-CopyPart-EraseBytes-
#17005	REDUCE cov: 1326 ft: 7181 corp: 1364/259Kb lim: 2300 exec/s: 708 rss: 586Mb L: 35/2278 MS: 1 EraseBytes-
#17354	REDUCE cov: 1326 ft: 7181 corp: 1364/259Kb lim: 2300 exec/s: 723 rss: 586Mb L: 784/2278 MS: 4 ChangeASCIIInt-ShuffleBytes-CopyPart-CrossOver-
#17531	REDUCE cov: 1326 ft: 7181 corp: 1364/259Kb lim: 2300 exec/s: 730 rss: 586Mb L: 70/2278 MS: 2 ChangeByte-EraseBytes-
#18282	REDUCE cov: 1326 ft: 7181 corp: 1364/259Kb lim: 2300 exec/s: 761 rss: 586Mb L: 14/2278 MS: 1 EraseBytes-
#18668	REDUCE cov: 1326 ft: 7181 corp: 1364/259Kb lim: 2300 exec/s: 777 rss: 586Mb L: 211/2278 MS: 1 EraseBytes-
#19260	REDUCE cov: 1326 ft: 7181 corp: 1364/259Kb lim: 2300 exec/s: 802 rss: 586Mb L: 25/2278 MS: 2 ChangeBit-EraseBytes-
#19487	REDUCE cov: 1326 ft: 7181 corp: 1364/259Kb lim: 2300 exec/s: 811 rss: 586Mb L: 789/2278 MS: 2 InsertRepeatedBytes-EraseBytes-
#20107	REDUCE cov: 1326 ft: 7181 corp: 1364/259Kb lim: 2300 exec/s: 837 rss: 586Mb L: 277/2278 MS: 5 CopyPart-ChangeASCIIInt-InsertByte-ShuffleBytes-EraseBytes-
#20363	REDUCE cov: 1326 ft: 7181 corp: 1364/259Kb lim: 2300 exec/s: 848 rss: 586Mb L: 325/2278 MS: 1 EraseBytes-
#20408	RELOAD cov: 1326 ft: 7182 corp: 1365/260Kb lim: 2300 exec/s: 637 rss: 586Mb
#21079	REDUCE cov: 1326 ft: 7182 corp: 1365/260Kb lim: 2300 exec/s: 658 rss: 586Mb L: 6/2278 MS: 1 EraseBytes-
#21496	REDUCE cov: 1326 ft: 7182 corp: 1365/260Kb lim: 2300 exec/s: 671 rss: 586Mb L: 6/2278 MS: 2 ChangeByte-EraseBytes-
#21507	REDUCE cov: 1326 ft: 7182 corp: 1365/260Kb lim: 2300 exec/s: 672 rss: 586Mb L: 545/2278 MS: 1 EraseBytes-
#21588	REDUCE cov: 1326 ft: 7182 corp: 1365/260Kb lim: 2300 exec/s: 674 rss: 586Mb L: 573/2278 MS: 1 EraseBytes-
#22590	REDUCE cov: 1326 ft: 7182 corp: 1365/260Kb lim: 2300 exec/s: 705 rss: 586Mb L: 333/2278 MS: 2 ChangeBit-EraseBytes-
#22666	REDUCE cov: 1326 ft: 7182 corp: 1365/260Kb lim: 2300 exec/s: 708 rss: 586Mb L: 109/2278 MS: 1 EraseBytes-
#23107	REDUCE cov: 1326 ft: 7182 corp: 1365/260Kb lim: 2300 exec/s: 722 rss: 586Mb L: 266/2278 MS: 1 EraseBytes-
#23403	REDUCE cov: 1326 ft: 7182 corp: 1365/260Kb lim: 2300 exec/s: 731 rss: 586Mb L: 33/2278 MS: 1 EraseBytes-
#24039	REDUCE cov: 1326 ft: 7182 corp: 1365/260Kb lim: 2300 exec/s: 751 rss: 586Mb L: 82/2278 MS: 1 EraseBytes-
#25105	REDUCE cov: 1326 ft: 7182 corp: 1365/260Kb lim: 2300 exec/s: 784 rss: 586Mb L: 11/2278 MS: 1 EraseBytes-
#25186	REDUCE cov: 1326 ft: 7182 corp: 1365/260Kb lim: 2300 exec/s: 787 rss: 586Mb L: 17/2278 MS: 1 EraseBytes-
#25292	REDUCE cov: 1326 ft: 7182 corp: 1365/260Kb lim: 2300 exec/s: 790 rss: 586Mb L: 24/2278 MS: 1 EraseBytes-
#25338	REDUCE cov: 1326 ft: 7182 corp: 1365/260Kb lim: 2300 exec/s: 791 rss: 586Mb L: 107/2278 MS: 1 EraseBytes-
#26189	REDUCE cov: 1326 ft: 7182 corp: 1365/260Kb lim: 2300 exec/s: 818 rss: 586Mb L: 99/2278 MS: 1 EraseBytes-
#26220	REDUCE cov: 1326 ft: 7182 corp: 1365/260Kb lim: 2300 exec/s: 819 rss: 586Mb L: 36/2278 MS: 1 EraseBytes-
#26981	REDUCE cov: 1326 ft: 7182 corp: 1365/260Kb lim: 2300 exec/s: 843 rss: 586Mb L: 80/2278 MS: 1 EraseBytes-
#27102	REDUCE cov: 1326 ft: 7182 corp: 1365/260Kb lim: 2300 exec/s: 846 rss: 586Mb L: 70/2278 MS: 1 EraseBytes-
#27487	REDUCE cov: 1326 ft: 7182 corp: 1365/260Kb lim: 2300 exec/s: 858 rss: 586Mb L: 46/2278 MS: 5 ChangeByte-ShuffleBytes-ChangeByte-InsertByte-EraseBytes-
#27838	REDUCE cov: 1326 ft: 7182 corp: 1365/260Kb lim: 2300 exec/s: 843 rss: 586Mb L: 10/2278 MS: 1 EraseBytes-
#28009	REDUCE cov: 1326 ft: 7182 corp: 1365/260Kb lim: 2300 exec/s: 848 rss: 586Mb L: 58/2278 MS: 1 EraseBytes-
#28129	REDUCE cov: 1326 ft: 7182 corp: 1365/260Kb lim: 2300 exec/s: 852 rss: 586Mb L: 399/2278 MS: 5 ShuffleBytes-CMP-ChangeBit-CMP-EraseBytes- DE: "_pr"-"\026\000\000\000\000\000\000\000"-
#28641	REDUCE cov: 1326 ft: 7182 corp: 1365/260Kb lim: 2300 exec/s: 867 rss: 586Mb L: 87/2278 MS: 2 ShuffleBytes-EraseBytes-
#29379	REDUCE cov: 1326 ft: 7182 corp: 1365/260Kb lim: 2300 exec/s: 890 rss: 586Mb L: 325/2278 MS: 3 ChangeBit-CopyPart-EraseBytes-
#29601	RELOAD cov: 1326 ft: 7185 corp: 1367/260Kb lim: 2300 exec/s: 740 rss: 586Mb
#30302	REDUCE cov: 1326 ft: 7185 corp: 1367/260Kb lim: 2300 exec/s: 757 rss: 586Mb L: 92/2278 MS: 1 EraseBytes-
#30649	REDUCE cov: 1326 ft: 7185 corp: 1367/260Kb lim: 2300 exec/s: 766 rss: 586Mb L: 266/2278 MS: 2 ChangeByte-EraseBytes-
#30805	REDUCE cov: 1326 ft: 7185 corp: 1367/260Kb lim: 2300 exec/s: 770 rss: 586Mb L: 300/2278 MS: 1 EraseBytes-
#31528	REDUCE cov: 1326 ft: 7185 corp: 1367/260Kb lim: 2300 exec/s: 768 rss: 586Mb L: 37/2278 MS: 3 ChangeByte-ChangeByte-EraseBytes-
#31664	REDUCE cov: 1326 ft: 7185 corp: 1367/260Kb lim: 2300 exec/s: 772 rss: 586Mb L: 32/2278 MS: 1 EraseBytes-
#32055	REDUCE cov: 1326 ft: 7185 corp: 1367/260Kb lim: 2300 exec/s: 781 rss: 586Mb L: 1408/2278 MS: 1 EraseBytes-
#32313	REDUCE cov: 1326 ft: 7185 corp: 1367/260Kb lim: 2300 exec/s: 788 rss: 586Mb L: 131/2278 MS: 3 ChangeByte-ChangeBit-EraseBytes-
#32465	REDUCE cov: 1326 ft: 7185 corp: 1367/260Kb lim: 2300 exec/s: 791 rss: 586Mb L: 57/2278 MS: 2 CMP-EraseBytes- DE: "s4e"-
#32529	REDUCE cov: 1326 ft: 7185 corp: 1367/260Kb lim: 2300 exec/s: 793 rss: 586Mb L: 149/2278 MS: 4 PersAutoDict-CopyPart-ShuffleBytes-EraseBytes- DE: "_pr"-
#32537	REDUCE cov: 1326 ft: 7185 corp: 1367/260Kb lim: 2300 exec/s: 793 rss: 586Mb L: 605/2278 MS: 3 ChangeASCIIInt-ChangeBit-EraseBytes-
#32568	REDUCE cov: 1326 ft: 7185 corp: 1367/260Kb lim: 2300 exec/s: 794 rss: 586Mb L: 48/2278 MS: 1 EraseBytes-
#32768	pulse  cov: 1326 ft: 7185 corp: 1367/260Kb lim: 2300 exec/s: 799 rss: 586Mb
#33286	REDUCE cov: 1326 ft: 7185 corp: 1367/260Kb lim: 2300 exec/s: 811 rss: 586Mb L: 78/2278 MS: 3 EraseBytes-ChangeByte-CopyPart-
#33642	REDUCE cov: 1326 ft: 7185 corp: 1367/260Kb lim: 2300 exec/s: 820 rss: 586Mb L: 113/2278 MS: 1 EraseBytes-
#33738	REDUCE cov: 1326 ft: 7185 corp: 1367/260Kb lim: 2300 exec/s: 822 rss: 586Mb L: 50/2278 MS: 1 EraseBytes-
#34099	REDUCE cov: 1326 ft: 7185 corp: 1367/260Kb lim: 2300 exec/s: 831 rss: 586Mb L: 69/2278 MS: 1 EraseBytes-
#34145	REDUCE cov: 1326 ft: 7185 corp: 1367/260Kb lim: 2300 exec/s: 832 rss: 586Mb L: 574/2278 MS: 1 EraseBytes-
#35056	REDUCE cov: 1326 ft: 7185 corp: 1367/259Kb lim: 2300 exec/s: 855 rss: 586Mb L: 744/2278 MS: 1 EraseBytes-
#35392	REDUCE cov: 1326 ft: 7185 corp: 1367/259Kb lim: 2300 exec/s: 863 rss: 586Mb L: 119/2278 MS: 1 EraseBytes-
#35443	REDUCE cov: 1326 ft: 7185 corp: 1367/259Kb lim: 2300 exec/s: 864 rss: 586Mb L: 4/2278 MS: 1 EraseBytes-
#36079	REDUCE cov: 1326 ft: 7185 corp: 1367/259Kb lim: 2300 exec/s: 879 rss: 586Mb L: 95/2278 MS: 1 EraseBytes-
#36265	REDUCE cov: 1326 ft: 7185 corp: 1367/259Kb lim: 2300 exec/s: 884 rss: 586Mb L: 702/2278 MS: 1 EraseBytes-
#36336	REDUCE cov: 1326 ft: 7185 corp: 1367/259Kb lim: 2300 exec/s: 886 rss: 586Mb L: 116/2278 MS: 1 EraseBytes-
#36942	REDUCE cov: 1326 ft: 7185 corp: 1367/259Kb lim: 2300 exec/s: 901 rss: 586Mb L: 137/2278 MS: 1 EraseBytes-
#37518	REDUCE cov: 1326 ft: 7185 corp: 1367/259Kb lim: 2300 exec/s: 915 rss: 586Mb L: 127/2278 MS: 1 EraseBytes-
#37920	REDUCE cov: 1326 ft: 7185 corp: 1367/259Kb lim: 2300 exec/s: 924 rss: 586Mb L: 163/2278 MS: 2 ChangeByte-EraseBytes-
#38417	REDUCE cov: 1326 ft: 7185 corp: 1367/259Kb lim: 2300 exec/s: 937 rss: 586Mb L: 122/2278 MS: 2 CrossOver-EraseBytes-
#38664	REDUCE cov: 1326 ft: 7185 corp: 1367/259Kb lim: 2300 exec/s: 943 rss: 586Mb L: 100/2278 MS: 2 PersAutoDict-EraseBytes- DE: "s4e"-
#38715	NEW    cov: 1326 ft: 7186 corp: 1368/261Kb lim: 2300 exec/s: 944 rss: 586Mb L: 1442/2278 MS: 1 CopyPart-
#38957	REDUCE cov: 1326 ft: 7186 corp: 1368/261Kb lim: 2300 exec/s: 950 rss: 586Mb L: 861/2278 MS: 2 ChangeBit-EraseBytes-
#39404	RELOAD cov: 1327 ft: 7192 corp: 1372/263Kb lim: 2300 exec/s: 804 rss: 586Mb
#39490	REDUCE cov: 1327 ft: 7192 corp: 1372/263Kb lim: 2300 exec/s: 805 rss: 586Mb L: 72/2278 MS: 1 EraseBytes-
#40362	REDUCE cov: 1327 ft: 7192 corp: 1372/263Kb lim: 2300 exec/s: 823 rss: 586Mb L: 86/2278 MS: 2 ChangeBit-EraseBytes-
#40945	REDUCE cov: 1327 ft: 7192 corp: 1372/263Kb lim: 2300 exec/s: 835 rss: 586Mb L: 148/2278 MS: 3 CopyPart-ChangeBinInt-EraseBytes-
#40997	REDUCE cov: 1327 ft: 7192 corp: 1372/263Kb lim: 2300 exec/s: 836 rss: 586Mb L: 23/2278 MS: 2 CopyPart-EraseBytes-
#41335	REDUCE cov: 1327 ft: 7192 corp: 1372/263Kb lim: 2300 exec/s: 843 rss: 586Mb L: 10/2278 MS: 3 CopyPart-PersAutoDict-EraseBytes- DE: "_pr"-
#41877	REDUCE cov: 1327 ft: 7192 corp: 1372/263Kb lim: 2300 exec/s: 854 rss: 586Mb L: 118/2278 MS: 2 EraseBytes-InsertByte-
#41958	REDUCE cov: 1327 ft: 7192 corp: 1372/263Kb lim: 2300 exec/s: 839 rss: 586Mb L: 7/2278 MS: 1 EraseBytes-
#42225	REDUCE cov: 1327 ft: 7192 corp: 1372/263Kb lim: 2300 exec/s: 844 rss: 586Mb L: 44/2278 MS: 2 CopyPart-EraseBytes-
#42556	REDUCE cov: 1327 ft: 7192 corp: 1372/263Kb lim: 2300 exec/s: 851 rss: 586Mb L: 148/2278 MS: 1 EraseBytes-
#43073	REDUCE cov: 1327 ft: 7192 corp: 1372/263Kb lim: 2300 exec/s: 861 rss: 586Mb L: 8/2278 MS: 2 CMP-EraseBytes- DE: "gith"-
#43349	REDUCE cov: 1327 ft: 7192 corp: 1372/263Kb lim: 2300 exec/s: 866 rss: 586Mb L: 63/2278 MS: 1 EraseBytes-
#43915	REDUCE cov: 1327 ft: 7192 corp: 1372/263Kb lim: 2300 exec/s: 878 rss: 586Mb L: 192/2278 MS: 1 EraseBytes-
#44071	REDUCE cov: 1327 ft: 7192 corp: 1372/263Kb lim: 2300 exec/s: 881 rss: 586Mb L: 15/2278 MS: 1 EraseBytes-
#44079	REDUCE cov: 1327 ft: 7192 corp: 1372/263Kb lim: 2300 exec/s: 881 rss: 586Mb L: 6/2278 MS: 3 PersAutoDict-EraseBytes-EraseBytes- DE: "s4e"-
#45196	NEW    cov: 1328 ft: 7193 corp: 1373/263Kb lim: 2311 exec/s: 903 rss: 586Mb L: 31/2278 MS: 2 InsertByte-EraseBytes-
#45577	REDUCE cov: 1328 ft: 7193 corp: 1373/263Kb lim: 2311 exec/s: 911 rss: 586Mb L: 20/2278 MS: 1 EraseBytes-
#45726	REDUCE cov: 1328 ft: 7193 corp: 1373/263Kb lim: 2311 exec/s: 914 rss: 586Mb L: 876/2278 MS: 4 ChangeASCIIInt-ShuffleBytes-ChangeByte-EraseBytes-
#45827	REDUCE cov: 1328 ft: 7193 corp: 1373/263Kb lim: 2311 exec/s: 916 rss: 586Mb L: 19/2278 MS: 1 EraseBytes-
#46063	REDUCE cov: 1328 ft: 7193 corp: 1373/263Kb lim: 2311 exec/s: 921 rss: 586Mb L: 6/2278 MS: 1 EraseBytes-
#46184	REDUCE cov: 1328 ft: 7193 corp: 1373/263Kb lim: 2311 exec/s: 923 rss: 586Mb L: 19/2278 MS: 1 EraseBytes-
#46223	REDUCE cov: 1328 ft: 7193 corp: 1373/263Kb lim: 2311 exec/s: 924 rss: 586Mb L: 884/2278 MS: 4 CMP-ChangeASCIIInt-ChangeASCIIInt-EraseBytes- DE: "\001\000\0000"-
#46805	REDUCE cov: 1328 ft: 7193 corp: 1373/263Kb lim: 2311 exec/s: 936 rss: 586Mb L: 463/2278 MS: 2 EraseBytes-CopyPart-
#47067	REDUCE cov: 1328 ft: 7193 corp: 1373/263Kb lim: 2311 exec/s: 941 rss: 586Mb L: 21/2278 MS: 2 ShuffleBytes-EraseBytes-
#47211	REDUCE cov: 1328 ft: 7193 corp: 1373/263Kb lim: 2311 exec/s: 944 rss: 586Mb L: 34/2278 MS: 4 CrossOver-ChangeBit-ChangeASCIIInt-EraseBytes-
#48106	RELOAD cov: 1328 ft: 7198 corp: 1376/266Kb lim: 2311 exec/s: 829 rss: 586Mb
#48458	REDUCE cov: 1328 ft: 7198 corp: 1376/266Kb lim: 2322 exec/s: 821 rss: 586Mb L: 152/2293 MS: 2 InsertByte-EraseBytes-
#48580	REDUCE cov: 1328 ft: 7198 corp: 1376/266Kb lim: 2322 exec/s: 823 rss: 586Mb L: 33/2293 MS: 2 CopyPart-EraseBytes-
#48758	REDUCE cov: 1328 ft: 7198 corp: 1376/266Kb lim: 2322 exec/s: 826 rss: 586Mb L: 94/2293 MS: 3 ChangeByte-CopyPart-EraseBytes-
#49200	REDUCE cov: 1328 ft: 7198 corp: 1376/266Kb lim: 2322 exec/s: 833 rss: 586Mb L: 16/2293 MS: 2 ChangeASCIIInt-EraseBytes-
#49227	REDUCE cov: 1328 ft: 7198 corp: 1376/266Kb lim: 2322 exec/s: 834 rss: 586Mb L: 1228/2293 MS: 2 ChangeBit-EraseBytes-
#49415	REDUCE cov: 1328 ft: 7198 corp: 1376/266Kb lim: 2322 exec/s: 837 rss: 586Mb L: 290/2293 MS: 3 ChangeBinInt-ChangeASCIIInt-EraseBytes-
#49833	REDUCE cov: 1328 ft: 7198 corp: 1376/266Kb lim: 2322 exec/s: 844 rss: 586Mb L: 88/2293 MS: 3 ShuffleBytes-ChangeASCIIInt-EraseBytes-
#49867	REDUCE cov: 1328 ft: 7198 corp: 1376/266Kb lim: 2322 exec/s: 845 rss: 586Mb L: 1176/2293 MS: 4 ChangeBinInt-PersAutoDict-ShuffleBytes-EraseBytes- DE: "_pr"-
#49888	REDUCE cov: 1328 ft: 7198 corp: 1376/266Kb lim: 2322 exec/s: 845 rss: 586Mb L: 22/2293 MS: 1 EraseBytes-
#50231	REDUCE cov: 1328 ft: 7198 corp: 1376/266Kb lim: 2322 exec/s: 851 rss: 586Mb L: 202/2293 MS: 3 ShuffleBytes-EraseBytes-CopyPart-
#50402	REDUCE cov: 1328 ft: 7198 corp: 1376/266Kb lim: 2322 exec/s: 854 rss: 586Mb L: 29/2293 MS: 1 EraseBytes-
#50673	REDUCE cov: 1328 ft: 7198 corp: 1376/266Kb lim: 2322 exec/s: 858 rss: 586Mb L: 519/2293 MS: 1 EraseBytes-
#51164	REDUCE cov: 1328 ft: 7198 corp: 1376/266Kb lim: 2322 exec/s: 867 rss: 586Mb L: 81/2293 MS: 1 EraseBytes-
#51257	REDUCE cov: 1328 ft: 7198 corp: 1376/266Kb lim: 2322 exec/s: 868 rss: 586Mb L: 577/2293 MS: 3 ChangeBinInt-ChangeByte-EraseBytes-
#51988	REDUCE cov: 1328 ft: 7198 corp: 1376/266Kb lim: 2322 exec/s: 881 rss: 586Mb L: 32/2293 MS: 1 EraseBytes-
#52324	REDUCE cov: 1328 ft: 7198 corp: 1376/266Kb lim: 2322 exec/s: 886 rss: 586Mb L: 17/2293 MS: 1 EraseBytes-
#52590	REDUCE cov: 1328 ft: 7198 corp: 1376/266Kb lim: 2322 exec/s: 891 rss: 586Mb L: 104/2293 MS: 1 EraseBytes-
#52591	REDUCE cov: 1328 ft: 7198 corp: 1376/266Kb lim: 2322 exec/s: 891 rss: 586Mb L: 219/2293 MS: 1 EraseBytes-
#52817	REDUCE cov: 1328 ft: 7198 corp: 1376/266Kb lim: 2322 exec/s: 895 rss: 586Mb L: 202/2293 MS: 1 EraseBytes-
#53038	REDUCE cov: 1328 ft: 7198 corp: 1376/266Kb lim: 2322 exec/s: 898 rss: 586Mb L: 85/2293 MS: 1 EraseBytes-
#53355	REDUCE cov: 1328 ft: 7198 corp: 1376/266Kb lim: 2322 exec/s: 904 rss: 586Mb L: 2/2293 MS: 2 ShuffleBytes-EraseBytes-
#53560	REDUCE cov: 1328 ft: 7198 corp: 1376/266Kb lim: 2322 exec/s: 907 rss: 586Mb L: 123/2293 MS: 5 CMP-ChangeBit-ShuffleBytes-ChangeBit-EraseBytes- DE: "\011\000"-
#54422	REDUCE cov: 1328 ft: 7198 corp: 1376/266Kb lim: 2322 exec/s: 922 rss: 586Mb L: 493/2293 MS: 2 ChangeASCIIInt-EraseBytes-
#54873	REDUCE cov: 1328 ft: 7198 corp: 1376/266Kb lim: 2322 exec/s: 930 rss: 586Mb L: 170/2293 MS: 1 EraseBytes-
#55139	REDUCE cov: 1328 ft: 7198 corp: 1376/266Kb lim: 2322 exec/s: 934 rss: 586Mb L: 105/2293 MS: 1 EraseBytes-
#55545	REDUCE cov: 1328 ft: 7198 corp: 1376/266Kb lim: 2322 exec/s: 941 rss: 586Mb L: 143/2293 MS: 1 EraseBytes-
#56653	REDUCE cov: 1328 ft: 7198 corp: 1376/266Kb lim: 2333 exec/s: 960 rss: 586Mb L: 203/2293 MS: 3 CrossOver-InsertByte-EraseBytes-
#56919	REDUCE cov: 1328 ft: 7198 corp: 1376/266Kb lim: 2333 exec/s: 964 rss: 586Mb L: 61/2293 MS: 1 EraseBytes-
#57150	RELOAD cov: 1328 ft: 7201 corp: 1379/272Kb lim: 2333 exec/s: 852 rss: 586Mb
#57405	REDUCE cov: 1328 ft: 7201 corp: 1379/272Kb lim: 2333 exec/s: 856 rss: 586Mb L: 258/2293 MS: 5 ChangeByte-PersAutoDict-InsertByte-ChangeASCIIInt-EraseBytes- DE: "s4e"-
#57503	REDUCE cov: 1328 ft: 7201 corp: 1379/272Kb lim: 2333 exec/s: 858 rss: 586Mb L: 268/2293 MS: 3 PersAutoDict-InsertRepeatedBytes-EraseBytes- DE: "gith"-
#57769	REDUCE cov: 1328 ft: 7201 corp: 1379/272Kb lim: 2333 exec/s: 862 rss: 586Mb L: 749/2293 MS: 1 EraseBytes-
#58007	REDUCE cov: 1328 ft: 7201 corp: 1379/272Kb lim: 2333 exec/s: 865 rss: 586Mb L: 1630/2293 MS: 3 PersAutoDict-ShuffleBytes-EraseBytes- DE: "gith"-
#58588	REDUCE cov: 1328 ft: 7201 corp: 1379/272Kb lim: 2333 exec/s: 861 rss: 586Mb L: 79/2293 MS: 1 EraseBytes-
#59034	REDUCE cov: 1328 ft: 7201 corp: 1379/272Kb lim: 2333 exec/s: 868 rss: 586Mb L: 55/2293 MS: 1 EraseBytes-
#59480	REDUCE cov: 1328 ft: 7201 corp: 1379/272Kb lim: 2333 exec/s: 874 rss: 586Mb L: 123/2293 MS: 1 EraseBytes-
#59506	REDUCE cov: 1328 ft: 7201 corp: 1379/272Kb lim: 2333 exec/s: 875 rss: 586Mb L: 46/2293 MS: 1 EraseBytes-
#59767	REDUCE cov: 1328 ft: 7201 corp: 1379/272Kb lim: 2333 exec/s: 878 rss: 586Mb L: 267/2293 MS: 1 EraseBytes-
#59928	REDUCE cov: 1328 ft: 7201 corp: 1379/272Kb lim: 2333 exec/s: 881 rss: 586Mb L: 559/2293 MS: 1 EraseBytes-
#59969	REDUCE cov: 1328 ft: 7201 corp: 1379/272Kb lim: 2333 exec/s: 881 rss: 586Mb L: 62/2293 MS: 1 EraseBytes-
#60365	REDUCE cov: 1328 ft: 7201 corp: 1379/272Kb lim: 2333 exec/s: 887 rss: 586Mb L: 224/2293 MS: 1 EraseBytes-
#60841	REDUCE cov: 1328 ft: 7201 corp: 1379/272Kb lim: 2333 exec/s: 894 rss: 586Mb L: 116/2293 MS: 1 EraseBytes-
#61612	REDUCE cov: 1328 ft: 7201 corp: 1379/272Kb lim: 2333 exec/s: 906 rss: 586Mb L: 85/2293 MS: 1 EraseBytes-
#61633	REDUCE cov: 1328 ft: 7201 corp: 1379/272Kb lim: 2333 exec/s: 906 rss: 586Mb L: 124/2293 MS: 1 EraseBytes-
#61965	REDUCE cov: 1328 ft: 7201 corp: 1379/272Kb lim: 2333 exec/s: 911 rss: 586Mb L: 2/2293 MS: 2 CopyPart-EraseBytes-
#62126	REDUCE cov: 1328 ft: 7201 corp: 1379/272Kb lim: 2333 exec/s: 913 rss: 586Mb L: 11/2293 MS: 1 EraseBytes-
#62802	REDUCE cov: 1328 ft: 7201 corp: 1379/272Kb lim: 2333 exec/s: 923 rss: 586Mb L: 214/2293 MS: 1 EraseBytes-
#63444	REDUCE cov: 1328 ft: 7201 corp: 1379/272Kb lim: 2333 exec/s: 933 rss: 586Mb L: 1259/2293 MS: 2 ChangeBinInt-EraseBytes-
#63530	REDUCE cov: 1328 ft: 7201 corp: 1379/272Kb lim: 2333 exec/s: 934 rss: 586Mb L: 585/2293 MS: 1 EraseBytes-
#63932	REDUCE cov: 1328 ft: 7201 corp: 1379/271Kb lim: 2333 exec/s: 940 rss: 586Mb L: 190/2293 MS: 2 CMP-EraseBytes- DE: "true"-
#64344	REDUCE cov: 1328 ft: 7201 corp: 1379/271Kb lim: 2333 exec/s: 946 rss: 586Mb L: 38/2293 MS: 2 ShuffleBytes-EraseBytes-
#64586	REDUCE cov: 1328 ft: 7201 corp: 1379/271Kb lim: 2333 exec/s: 949 rss: 586Mb L: 31/2293 MS: 2 ChangeByte-EraseBytes-
#65088	REDUCE cov: 1328 ft: 7201 corp: 1379/271Kb lim: 2333 exec/s: 957 rss: 586Mb L: 187/2293 MS: 2 PersAutoDict-EraseBytes- DE: "true"-
#65359	REDUCE cov: 1328 ft: 7201 corp: 1379/271Kb lim: 2333 exec/s: 961 rss: 586Mb L: 81/2293 MS: 1 EraseBytes-
#65536	pulse  cov: 1328 ft: 7201 corp: 1379/271Kb lim: 2333 exec/s: 963 rss: 586Mb
#65906	RELOAD cov: 1329 ft: 7205 corp: 1383/272Kb lim: 2333 exec/s: 867 rss: 586Mb
#66287	REDUCE cov: 1329 ft: 7205 corp: 1383/272Kb lim: 2333 exec/s: 872 rss: 586Mb L: 33/2293 MS: 1 EraseBytes-
#66495	REDUCE cov: 1329 ft: 7205 corp: 1383/272Kb lim: 2333 exec/s: 874 rss: 586Mb L: 583/2293 MS: 3 CMP-InsertByte-EraseBytes- DE: "as"-
#66816	REDUCE cov: 1329 ft: 7205 corp: 1383/272Kb lim: 2333 exec/s: 879 rss: 586Mb L: 342/2293 MS: 1 EraseBytes-
#67193	REDUCE cov: 1329 ft: 7205 corp: 1383/272Kb lim: 2333 exec/s: 884 rss: 586Mb L: 287/2293 MS: 2 InsertRepeatedBytes-EraseBytes-
#67409	REDUCE cov: 1329 ft: 7205 corp: 1383/272Kb lim: 2333 exec/s: 886 rss: 586Mb L: 19/2293 MS: 1 EraseBytes-
#67585	REDUCE cov: 1329 ft: 7205 corp: 1383/271Kb lim: 2333 exec/s: 889 rss: 586Mb L: 724/2293 MS: 1 EraseBytes-
#67719	REDUCE cov: 1329 ft: 7205 corp: 1383/271Kb lim: 2333 exec/s: 891 rss: 586Mb L: 319/2293 MS: 4 PersAutoDict-ShuffleBytes-ChangeBinInt-EraseBytes- DE: "gith"-
#68190	REDUCE cov: 1329 ft: 7205 corp: 1383/271Kb lim: 2333 exec/s: 897 rss: 586Mb L: 70/2293 MS: 1 EraseBytes-
#68530	REDUCE cov: 1329 ft: 7205 corp: 1383/271Kb lim: 2333 exec/s: 890 rss: 586Mb L: 77/2293 MS: 5 ChangeBinInt-CMP-ChangeBit-ChangeASCIIInt-EraseBytes- DE: "\000\000\000\000\000\000\000\005"-
#69112	REDUCE cov: 1329 ft: 7205 corp: 1383/271Kb lim: 2333 exec/s: 897 rss: 586Mb L: 165/2293 MS: 2 ChangeBit-EraseBytes-
#69493	REDUCE cov: 1329 ft: 7205 corp: 1383/271Kb lim: 2333 exec/s: 902 rss: 586Mb L: 465/2293 MS: 1 EraseBytes-
#69535	REDUCE cov: 1329 ft: 7205 corp: 1383/271Kb lim: 2333 exec/s: 903 rss: 586Mb L: 35/2293 MS: 2 ShuffleBytes-EraseBytes-
#70253	REDUCE cov: 1329 ft: 7205 corp: 1383/271Kb lim: 2333 exec/s: 912 rss: 586Mb L: 201/2293 MS: 3 PersAutoDict-PersAutoDict-EraseBytes- DE: "\001\000\0000"-"\011\000"-
#70335	REDUCE cov: 1329 ft: 7205 corp: 1383/271Kb lim: 2333 exec/s: 913 rss: 586Mb L: 477/2293 MS: 2 ShuffleBytes-EraseBytes-
#70442	REDUCE cov: 1329 ft: 7205 corp: 1383/271Kb lim: 2333 exec/s: 914 rss: 586Mb L: 482/2293 MS: 2 CopyPart-EraseBytes-
#70727	REDUCE cov: 1329 ft: 7205 corp: 1383/271Kb lim: 2333 exec/s: 918 rss: 586Mb L: 238/2293 MS: 5 ChangeBinInt-ShuffleBytes-InsertByte-ChangeBinInt-EraseBytes-
#71733	REDUCE cov: 1329 ft: 7205 corp: 1383/271Kb lim: 2333 exec/s: 931 rss: 586Mb L: 3/2293 MS: 1 EraseBytes-
#72449	REDUCE cov: 1329 ft: 7205 corp: 1383/271Kb lim: 2333 exec/s: 940 rss: 586Mb L: 50/2293 MS: 1 EraseBytes-
#73875	REDUCE cov: 1329 ft: 7205 corp: 1383/271Kb lim: 2344 exec/s: 959 rss: 586Mb L: 685/2293 MS: 1 EraseBytes-
#74386	REDUCE cov: 1329 ft: 7205 corp: 1383/271Kb lim: 2344 exec/s: 966 rss: 586Mb L: 85/2293 MS: 1 EraseBytes-
#74639	REDUCE cov: 1329 ft: 7205 corp: 1383/271Kb lim: 2344 exec/s: 969 rss: 586Mb L: 553/2293 MS: 3 ChangeBinInt-CopyPart-EraseBytes-
#74925	REDUCE cov: 1329 ft: 7205 corp: 1383/271Kb lim: 2344 exec/s: 973 rss: 586Mb L: 176/2293 MS: 1 EraseBytes-
#74946	REDUCE cov: 1329 ft: 7205 corp: 1383/271Kb lim: 2344 exec/s: 973 rss: 586Mb L: 36/2293 MS: 1 EraseBytes-
#74987	REDUCE cov: 1329 ft: 7205 corp: 1383/271Kb lim: 2344 exec/s: 973 rss: 586Mb L: 208/2293 MS: 1 EraseBytes-
#75073	REDUCE cov: 1329 ft: 7205 corp: 1383/271Kb lim: 2344 exec/s: 974 rss: 586Mb L: 16/2293 MS: 1 EraseBytes-
#75676	RELOAD cov: 1330 ft: 7207 corp: 1385/271Kb lim: 2344 exec/s: 879 rss: 586Mb
#76702	REDUCE cov: 1330 ft: 7207 corp: 1385/271Kb lim: 2355 exec/s: 891 rss: 586Mb L: 203/2293 MS: 1 EraseBytes-
#76943	REDUCE cov: 1330 ft: 7207 corp: 1385/271Kb lim: 2355 exec/s: 894 rss: 586Mb L: 177/2293 MS: 1 EraseBytes-
#76944	REDUCE cov: 1330 ft: 7207 corp: 1385/271Kb lim: 2355 exec/s: 894 rss: 586Mb L: 191/2293 MS: 1 EraseBytes-
#77116	REDUCE cov: 1330 ft: 7207 corp: 1385/271Kb lim: 2355 exec/s: 896 rss: 586Mb L: 1621/2293 MS: 2 ChangeByte-EraseBytes-
#77248	REDUCE cov: 1330 ft: 7207 corp: 1385/271Kb lim: 2355 exec/s: 898 rss: 586Mb L: 2278/2290 MS: 2 ChangeBit-EraseBytes-
#77267	REDUCE cov: 1330 ft: 7207 corp: 1385/271Kb lim: 2355 exec/s: 898 rss: 586Mb L: 131/2290 MS: 4 CMP-ChangeASCIIInt-CopyPart-EraseBytes- DE: "t\000"-
#77493	REDUCE cov: 1330 ft: 7207 corp: 1385/271Kb lim: 2355 exec/s: 901 rss: 586Mb L: 94/2290 MS: 1 EraseBytes-
#78539	REDUCE cov: 1330 ft: 7207 corp: 1385/271Kb lim: 2355 exec/s: 913 rss: 586Mb L: 347/2290 MS: 1 EraseBytes-
#78660	REDUCE cov: 1330 ft: 7207 corp: 1385/271Kb lim: 2355 exec/s: 914 rss: 586Mb L: 496/2290 MS: 1 EraseBytes-
#78968	REDUCE cov: 1330 ft: 7207 corp: 1385/271Kb lim: 2355 exec/s: 918 rss: 586Mb L: 171/2290 MS: 3 InsertRepeatedBytes-ChangeBit-EraseBytes-
#79334	REDUCE cov: 1330 ft: 7207 corp: 1385/271Kb lim: 2355 exec/s: 922 rss: 586Mb L: 104/2290 MS: 1 EraseBytes-
#80001	REDUCE cov: 1330 ft: 7207 corp: 1385/271Kb lim: 2355 exec/s: 930 rss: 586Mb L: 647/2290 MS: 2 CopyPart-EraseBytes-
#80334	REDUCE cov: 1330 ft: 7207 corp: 1385/271Kb lim: 2355 exec/s: 934 rss: 586Mb L: 65/2290 MS: 3 CrossOver-ShuffleBytes-EraseBytes-
#80501	REDUCE cov: 1330 ft: 7207 corp: 1385/271Kb lim: 2355 exec/s: 936 rss: 586Mb L: 961/2290 MS: 2 InsertRepeatedBytes-EraseBytes-
#81012	REDUCE cov: 1330 ft: 7207 corp: 1385/271Kb lim: 2355 exec/s: 942 rss: 586Mb L: 431/2290 MS: 1 EraseBytes-
#81131	REDUCE cov: 1330 ft: 7207 corp: 1385/271Kb lim: 2355 exec/s: 932 rss: 586Mb L: 438/2290 MS: 4 ChangeASCIIInt-ChangeASCIIInt-ChangeASCIIInt-EraseBytes-
#81572	REDUCE cov: 1330 ft: 7207 corp: 1385/271Kb lim: 2355 exec/s: 937 rss: 586Mb L: 262/2290 MS: 1 EraseBytes-
#81690	REDUCE cov: 1330 ft: 7207 corp: 1385/271Kb lim: 2355 exec/s: 938 rss: 586Mb L: 154/2290 MS: 3 ChangeBit-CrossOver-EraseBytes-
#81856	REDUCE cov: 1330 ft: 7207 corp: 1385/271Kb lim: 2355 exec/s: 940 rss: 586Mb L: 192/2290 MS: 1 EraseBytes-
#82482	REDUCE cov: 1330 ft: 7207 corp: 1385/271Kb lim: 2355 exec/s: 948 rss: 586Mb L: 6/2290 MS: 1 EraseBytes-
#82598	REDUCE cov: 1330 ft: 7207 corp: 1385/271Kb lim: 2355 exec/s: 949 rss: 586Mb L: 278/2290 MS: 1 EraseBytes-
#82635	REDUCE cov: 1330 ft: 7207 corp: 1385/271Kb lim: 2355 exec/s: 949 rss: 586Mb L: 428/2290 MS: 2 ChangeBit-EraseBytes-
#82736	REDUCE cov: 1330 ft: 7207 corp: 1385/271Kb lim: 2355 exec/s: 950 rss: 586Mb L: 752/2290 MS: 1 EraseBytes-
#83002	REDUCE cov: 1330 ft: 7207 corp: 1385/271Kb lim: 2355 exec/s: 954 rss: 586Mb L: 29/2290 MS: 1 EraseBytes-
#83018	REDUCE cov: 1330 ft: 7207 corp: 1385/271Kb lim: 2355 exec/s: 954 rss: 586Mb L: 10/2290 MS: 1 EraseBytes-
#83355	REDUCE cov: 1330 ft: 7207 corp: 1385/271Kb lim: 2355 exec/s: 958 rss: 586Mb L: 544/2290 MS: 2 ChangeBinInt-EraseBytes-
#84492	REDUCE cov: 1330 ft: 7207 corp: 1385/271Kb lim: 2366 exec/s: 971 rss: 586Mb L: 35/2290 MS: 2 ChangeByte-EraseBytes-
#84938	REDUCE cov: 1330 ft: 7207 corp: 1385/271Kb lim: 2366 exec/s: 976 rss: 586Mb L: 37/2290 MS: 1 EraseBytes-
#85235	RELOAD cov: 1330 ft: 7209 corp: 1387/275Kb lim: 2366 exec/s: 906 rss: 586Mb
#85327	REDUCE cov: 1330 ft: 7209 corp: 1387/275Kb lim: 2366 exec/s: 907 rss: 586Mb L: 20/2404 MS: 2 CMP-EraseBytes- DE: "\002\000\000\000\000\000\000\000"-
#86753	REDUCE cov: 1330 ft: 7209 corp: 1387/275Kb lim: 2377 exec/s: 922 rss: 586Mb L: 308/2404 MS: 1 EraseBytes-
#86864	REDUCE cov: 1330 ft: 7209 corp: 1387/275Kb lim: 2377 exec/s: 924 rss: 586Mb L: 248/2404 MS: 1 EraseBytes-
#88016	REDUCE cov: 1330 ft: 7209 corp: 1387/275Kb lim: 2388 exec/s: 936 rss: 586Mb L: 130/2404 MS: 2 ChangeByte-EraseBytes-
#89226	REDUCE cov: 1330 ft: 7209 corp: 1387/275Kb lim: 2399 exec/s: 949 rss: 586Mb L: 272/2404 MS: 5 ChangeByte-CopyPart-ChangeByte-CopyPart-EraseBytes-
#89577	REDUCE cov: 1330 ft: 7209 corp: 1387/275Kb lim: 2399 exec/s: 952 rss: 586Mb L: 9/2404 MS: 1 EraseBytes-
#89713	REDUCE cov: 1330 ft: 7209 corp: 1387/275Kb lim: 2399 exec/s: 954 rss: 586Mb L: 77/2404 MS: 1 EraseBytes-
#90613	REDUCE cov: 1330 ft: 7209 corp: 1387/275Kb lim: 2399 exec/s: 963 rss: 586Mb L: 170/2404 MS: 5 ChangeBit-PersAutoDict-CrossOver-PersAutoDict-EraseBytes- DE: "\000\000\000\000\000\000\000\005"-"\026\000\000\000\000\000\000\000"-
#90899	REDUCE cov: 1330 ft: 7209 corp: 1387/275Kb lim: 2399 exec/s: 967 rss: 586Mb L: 4/2404 MS: 1 EraseBytes-
#91145	REDUCE cov: 1330 ft: 7209 corp: 1387/275Kb lim: 2399 exec/s: 969 rss: 586Mb L: 76/2404 MS: 1 EraseBytes-
#93256	REDUCE cov: 1330 ft: 7209 corp: 1387/275Kb lim: 2410 exec/s: 981 rss: 586Mb L: 6/2404 MS: 1 EraseBytes-
#93343	REDUCE cov: 1330 ft: 7209 corp: 1387/275Kb lim: 2410 exec/s: 982 rss: 586Mb L: 33/2404 MS: 2 ShuffleBytes-EraseBytes-
#93734	REDUCE cov: 1330 ft: 7209 corp: 1387/275Kb lim: 2410 exec/s: 986 rss: 586Mb L: 68/2404 MS: 1 EraseBytes-
#94020	REDUCE cov: 1330 ft: 7209 corp: 1387/275Kb lim: 2410 exec/s: 989 rss: 586Mb L: 7/2404 MS: 1 EraseBytes-
#94111	REDUCE cov: 1330 ft: 7209 corp: 1387/275Kb lim: 2410 exec/s: 990 rss: 586Mb L: 481/2404 MS: 1 EraseBytes-
#94704	RELOAD cov: 1330 ft: 7210 corp: 1388/277Kb lim: 2410 exec/s: 928 rss: 586Mb
#94923	REDUCE cov: 1330 ft: 7210 corp: 1388/277Kb lim: 2410 exec/s: 930 rss: 586Mb L: 96/2404 MS: 4 ChangeBit-InsertByte-PersAutoDict-EraseBytes- DE: "s4e"-
#97104	REDUCE cov: 1330 ft: 7210 corp: 1388/277Kb lim: 2421 exec/s: 952 rss: 586Mb L: 550/2404 MS: 1 EraseBytes-
#97728	REDUCE cov: 1330 ft: 7210 corp: 1388/277Kb lim: 2421 exec/s: 948 rss: 586Mb L: 1000/2404 MS: 4 ShuffleBytes-InsertByte-ShuffleBytes-EraseBytes-
#99304	REDUCE cov: 1330 ft: 7210 corp: 1388/277Kb lim: 2432 exec/s: 964 rss: 586Mb L: 1350/2404 MS: 1 EraseBytes-
#99371	REDUCE cov: 1330 ft: 7210 corp: 1388/277Kb lim: 2432 exec/s: 964 rss: 586Mb L: 1018/2404 MS: 2 ChangeASCIIInt-CrossOver-
#99533	REDUCE cov: 1330 ft: 7210 corp: 1388/277Kb lim: 2432 exec/s: 966 rss: 586Mb L: 27/2404 MS: 2 EraseBytes-CopyPart-
#99569	REDUCE cov: 1330 ft: 7210 corp: 1388/277Kb lim: 2432 exec/s: 966 rss: 586Mb L: 61/2404 MS: 1 EraseBytes-
#99947	REDUCE cov: 1330 ft: 7210 corp: 1388/277Kb lim: 2432 exec/s: 970 rss: 586Mb L: 415/2404 MS: 3 ChangeBit-ShuffleBytes-EraseBytes-
#100678	REDUCE cov: 1330 ft: 7210 corp: 1388/277Kb lim: 2432 exec/s: 977 rss: 586Mb L: 32/2404 MS: 1 EraseBytes-
#101358	REDUCE cov: 1330 ft: 7210 corp: 1388/277Kb lim: 2432 exec/s: 984 rss: 586Mb L: 1209/2404 MS: 5 PersAutoDict-ChangeBit-ChangeBit-ChangeASCIIInt-EraseBytes- DE: "gith"-
#101599	REDUCE cov: 1330 ft: 7210 corp: 1388/277Kb lim: 2432 exec/s: 986 rss: 586Mb L: 86/2404 MS: 1 EraseBytes-
#101840	REDUCE cov: 1330 ft: 7210 corp: 1388/277Kb lim: 2432 exec/s: 988 rss: 586Mb L: 96/2404 MS: 1 EraseBytes-
#102234	REDUCE cov: 1330 ft: 7210 corp: 1388/277Kb lim: 2432 exec/s: 992 rss: 586Mb L: 22/2404 MS: 4 ChangeBit-ChangeBit-CopyPart-EraseBytes-
#102486	REDUCE cov: 1330 ft: 7210 corp: 1388/277Kb lim: 2432 exec/s: 995 rss: 586Mb L: 32/2404 MS: 2 CrossOver-EraseBytes-
#103342	REDUCE cov: 1330 ft: 7210 corp: 1388/277Kb lim: 2432 exec/s: 1003 rss: 586Mb L: 152/2404 MS: 1 EraseBytes-
#103393	REDUCE cov: 1330 ft: 7210 corp: 1388/277Kb lim: 2432 exec/s: 1003 rss: 586Mb L: 50/2404 MS: 1 EraseBytes-
#104192	REDUCE cov: 1330 ft: 7210 corp: 1388/277Kb lim: 2432 exec/s: 1011 rss: 586Mb L: 95/2404 MS: 4 ChangeBit-ChangeByte-ChangeASCIIInt-EraseBytes-
#104338	RELOAD cov: 1330 ft: 7218 corp: 1391/279Kb lim: 2432 exec/s: 948 rss: 586Mb
#105289	REDUCE cov: 1330 ft: 7218 corp: 1391/279Kb lim: 2432 exec/s: 957 rss: 586Mb L: 15/2404 MS: 1 EraseBytes-
#105290	REDUCE cov: 1330 ft: 7218 corp: 1391/279Kb lim: 2432 exec/s: 957 rss: 586Mb L: 73/2404 MS: 1 EraseBytes-
#106016	REDUCE cov: 1330 ft: 7218 corp: 1391/279Kb lim: 2432 exec/s: 963 rss: 586Mb L: 52/2404 MS: 1 EraseBytes-
#106132	REDUCE cov: 1330 ft: 7218 corp: 1391/279Kb lim: 2432 exec/s: 964 rss: 586Mb L: 18/2404 MS: 1 EraseBytes-
#106423	REDUCE cov: 1330 ft: 7218 corp: 1391/279Kb lim: 2432 exec/s: 967 rss: 586Mb L: 860/2404 MS: 1 EraseBytes-
#107718	REDUCE cov: 1330 ft: 7218 corp: 1391/279Kb lim: 2443 exec/s: 979 rss: 586Mb L: 16/2404 MS: 5 CopyPart-ChangeASCIIInt-ChangeASCIIInt-CrossOver-EraseBytes-
#108421	REDUCE cov: 1330 ft: 7218 corp: 1391/279Kb lim: 2443 exec/s: 985 rss: 586Mb L: 132/2404 MS: 3 CrossOver-ChangeByte-EraseBytes-
#109628	REDUCE cov: 1330 ft: 7218 corp: 1391/279Kb lim: 2454 exec/s: 996 rss: 586Mb L: 61/2404 MS: 2 ShuffleBytes-EraseBytes-
#110318	REDUCE cov: 1330 ft: 7218 corp: 1391/279Kb lim: 2454 exec/s: 1002 rss: 586Mb L: 13/2404 MS: 5 ChangeByte-CopyPart-CopyPart-EraseBytes-CopyPart-
#110444	REDUCE cov: 1330 ft: 7218 corp: 1391/279Kb lim: 2454 exec/s: 1004 rss: 586Mb L: 18/2404 MS: 1 EraseBytes-
#111235	REDUCE cov: 1330 ft: 7218 corp: 1391/279Kb lim: 2454 exec/s: 1002 rss: 586Mb L: 4/2404 MS: 1 EraseBytes-
#111826	REDUCE cov: 1330 ft: 7218 corp: 1391/279Kb lim: 2454 exec/s: 1007 rss: 586Mb L: 75/2404 MS: 1 EraseBytes-
#112508	REDUCE cov: 1330 ft: 7218 corp: 1391/279Kb lim: 2454 exec/s: 1013 rss: 586Mb L: 84/2404 MS: 2 CrossOver-EraseBytes-
#112639	REDUCE cov: 1330 ft: 7218 corp: 1391/279Kb lim: 2454 exec/s: 1014 rss: 586Mb L: 53/2404 MS: 1 EraseBytes-
#112746	REDUCE cov: 1330 ft: 7218 corp: 1391/279Kb lim: 2454 exec/s: 1015 rss: 586Mb L: 18/2404 MS: 2 ChangeBinInt-EraseBytes-
#113992	REDUCE cov: 1330 ft: 7218 corp: 1391/279Kb lim: 2465 exec/s: 1026 rss: 586Mb L: 208/2404 MS: 1 EraseBytes-
#114093	REDUCE cov: 1330 ft: 7218 corp: 1391/279Kb lim: 2465 exec/s: 1027 rss: 586Mb L: 156/2404 MS: 1 EraseBytes-
#114269	REDUCE cov: 1330 ft: 7218 corp: 1391/279Kb lim: 2465 exec/s: 1029 rss: 586Mb L: 475/2404 MS: 1 EraseBytes-
#114285	REDUCE cov: 1330 ft: 7218 corp: 1391/279Kb lim: 2465 exec/s: 1029 rss: 586Mb L: 731/2404 MS: 1 EraseBytes-
#114471	REDUCE cov: 1330 ft: 7218 corp: 1391/279Kb lim: 2465 exec/s: 1031 rss: 586Mb L: 89/2404 MS: 1 EraseBytes-
#115029	REDUCE cov: 1330 ft: 7218 corp: 1391/279Kb lim: 2465 exec/s: 1036 rss: 586Mb L: 38/2404 MS: 3 PersAutoDict-ChangeByte-EraseBytes- DE: "s4e"-
#115154	RELOAD cov: 1330 ft: 7222 corp: 1393/279Kb lim: 2465 exec/s: 975 rss: 586Mb
#115250	REDUCE cov: 1330 ft: 7222 corp: 1393/279Kb lim: 2465 exec/s: 976 rss: 586Mb L: 566/2404 MS: 1 EraseBytes-
#115981	REDUCE cov: 1330 ft: 7222 corp: 1393/279Kb lim: 2465 exec/s: 982 rss: 586Mb L: 255/2404 MS: 1 EraseBytes-
#116019	REDUCE cov: 1330 ft: 7222 corp: 1393/279Kb lim: 2465 exec/s: 983 rss: 586Mb L: 1330/2404 MS: 3 PersAutoDict-ShuffleBytes-EraseBytes- DE: "\002\000\000\000\000\000\000\000"-
#116275	REDUCE cov: 1330 ft: 7222 corp: 1393/279Kb lim: 2465 exec/s: 985 rss: 586Mb L: 34/2404 MS: 1 EraseBytes-
#116831	REDUCE cov: 1330 ft: 7222 corp: 1393/279Kb lim: 2465 exec/s: 990 rss: 586Mb L: 4/2404 MS: 1 EraseBytes-
#116988	REDUCE cov: 1330 ft: 7222 corp: 1393/279Kb lim: 2465 exec/s: 991 rss: 586Mb L: 98/2404 MS: 2 ChangeBit-EraseBytes-
#117322	REDUCE cov: 1330 ft: 7222 corp: 1393/279Kb lim: 2465 exec/s: 994 rss: 586Mb L: 39/2404 MS: 4 ChangeBit-ShuffleBytes-ShuffleBytes-EraseBytes-
#117984	REDUCE cov: 1330 ft: 7222 corp: 1393/279Kb lim: 2465 exec/s: 999 rss: 586Mb L: 54/2404 MS: 2 ChangeASCIIInt-EraseBytes-
#118502	REDUCE cov: 1330 ft: 7222 corp: 1393/279Kb lim: 2465 exec/s: 1004 rss: 586Mb L: 525/2404 MS: 3 ChangeByte-InsertRepeatedBytes-EraseBytes-
#119543	REDUCE cov: 1330 ft: 7222 corp: 1393/279Kb lim: 2465 exec/s: 1013 rss: 586Mb L: 388/2404 MS: 1 EraseBytes-
#120395	REDUCE cov: 1330 ft: 7222 corp: 1393/279Kb lim: 2465 exec/s: 1020 rss: 586Mb L: 63/2404 MS: 2 InsertRepeatedBytes-EraseBytes-
#121641	REDUCE cov: 1330 ft: 7222 corp: 1393/279Kb lim: 2476 exec/s: 1030 rss: 586Mb L: 9/2404 MS: 1 EraseBytes-
#121942	REDUCE cov: 1330 ft: 7222 corp: 1393/279Kb lim: 2476 exec/s: 1033 rss: 586Mb L: 67/2404 MS: 1 EraseBytes-
#122714	REDUCE cov: 1330 ft: 7222 corp: 1393/279Kb lim: 2476 exec/s: 1039 rss: 586Mb L: 15/2404 MS: 2 InsertByte-EraseBytes-
#122789	REDUCE cov: 1330 ft: 7222 corp: 1393/279Kb lim: 2476 exec/s: 1040 rss: 586Mb L: 57/2404 MS: 5 ShuffleBytes-InsertByte-InsertByte-CopyPart-EraseBytes-
#123010	REDUCE cov: 1330 ft: 7222 corp: 1393/279Kb lim: 2476 exec/s: 1042 rss: 586Mb L: 130/2404 MS: 1 EraseBytes-
#123861	REDUCE cov: 1330 ft: 7222 corp: 1393/279Kb lim: 2476 exec/s: 1040 rss: 586Mb L: 22/2404 MS: 1 EraseBytes-
#123912	REDUCE cov: 1330 ft: 7222 corp: 1393/279Kb lim: 2476 exec/s: 1041 rss: 586Mb L: 896/2404 MS: 1 EraseBytes-
#124221	REDUCE cov: 1330 ft: 7222 corp: 1393/279Kb lim: 2476 exec/s: 1043 rss: 586Mb L: 174/2404 MS: 4 ShuffleBytes-PersAutoDict-ChangeBit-EraseBytes- DE: "true"-
#124508	REDUCE cov: 1330 ft: 7222 corp: 1393/279Kb lim: 2476 exec/s: 1046 rss: 586Mb L: 76/2404 MS: 2 CopyPart-EraseBytes-
#124587	REDUCE cov: 1330 ft: 7222 corp: 1393/279Kb lim: 2476 exec/s: 1046 rss: 586Mb L: 117/2404 MS: 4 ChangeASCIIInt-ChangeBit-ShuffleBytes-EraseBytes-
#124671	REDUCE cov: 1330 ft: 7222 corp: 1393/279Kb lim: 2476 exec/s: 1047 rss: 586Mb L: 447/2404 MS: 4 ChangeByte-ShuffleBytes-EraseBytes-CrossOver-
#124847	REDUCE cov: 1330 ft: 7222 corp: 1393/279Kb lim: 2476 exec/s: 1049 rss: 586Mb L: 14/2404 MS: 1 EraseBytes-
#125763	REDUCE cov: 1330 ft: 7222 corp: 1393/279Kb lim: 2476 exec/s: 1056 rss: 586Mb L: 13/2404 MS: 1 EraseBytes-
#125895	RELOAD cov: 1330 ft: 7226 corp: 1397/283Kb lim: 2476 exec/s: 991 rss: 586Mb
#126581	REDUCE cov: 1330 ft: 7226 corp: 1397/283Kb lim: 2476 exec/s: 996 rss: 586Mb L: 83/2488 MS: 1 EraseBytes-
#126637	REDUCE cov: 1330 ft: 7226 corp: 1397/283Kb lim: 2476 exec/s: 997 rss: 586Mb L: 190/2488 MS: 1 EraseBytes-
#126758	REDUCE cov: 1330 ft: 7226 corp: 1397/283Kb lim: 2476 exec/s: 998 rss: 586Mb L: 53/2488 MS: 1 EraseBytes-
#126844	REDUCE cov: 1330 ft: 7226 corp: 1397/283Kb lim: 2476 exec/s: 998 rss: 586Mb L: 117/2488 MS: 1 EraseBytes-
#127180	REDUCE cov: 1330 ft: 7226 corp: 1397/283Kb lim: 2476 exec/s: 1001 rss: 586Mb L: 148/2488 MS: 1 EraseBytes-
#127373	REDUCE cov: 1330 ft: 7226 corp: 1397/283Kb lim: 2476 exec/s: 1002 rss: 586Mb L: 38/2488 MS: 3 ChangeBit-InsertByte-EraseBytes-
#127449	REDUCE cov: 1330 ft: 7226 corp: 1397/283Kb lim: 2476 exec/s: 995 rss: 586Mb L: 293/2488 MS: 1 EraseBytes-
#127830	REDUCE cov: 1330 ft: 7226 corp: 1397/283Kb lim: 2476 exec/s: 998 rss: 586Mb L: 10/2488 MS: 1 EraseBytes-
#128081	REDUCE cov: 1330 ft: 7226 corp: 1397/283Kb lim: 2476 exec/s: 1000 rss: 586Mb L: 905/2488 MS: 1 EraseBytes-
#128138	NEW    cov: 1330 ft: 7227 corp: 1398/285Kb lim: 2476 exec/s: 1001 rss: 586Mb L: 2488/2488 MS: 2 ChangeASCIIInt-CopyPart-
#128180	REDUCE cov: 1330 ft: 7227 corp: 1398/285Kb lim: 2476 exec/s: 1001 rss: 586Mb L: 403/2488 MS: 2 CMP-EraseBytes- DE: "\020\000\000\000"-
#128201	REDUCE cov: 1330 ft: 7227 corp: 1398/285Kb lim: 2476 exec/s: 1001 rss: 586Mb L: 167/2488 MS: 1 EraseBytes-
#128624	REDUCE cov: 1330 ft: 7227 corp: 1398/285Kb lim: 2476 exec/s: 1004 rss: 586Mb L: 541/2488 MS: 3 ShuffleBytes-CopyPart-EraseBytes-
#128726	REDUCE cov: 1330 ft: 7227 corp: 1398/285Kb lim: 2476 exec/s: 1005 rss: 586Mb L: 31/2488 MS: 2 ShuffleBytes-EraseBytes-
#128877	REDUCE cov: 1330 ft: 7227 corp: 1398/285Kb lim: 2476 exec/s: 1006 rss: 586Mb L: 18/2488 MS: 1 EraseBytes-
#129115	REDUCE cov: 1330 ft: 7227 corp: 1398/285Kb lim: 2476 exec/s: 1008 rss: 586Mb L: 48/2488 MS: 3 CopyPart-ShuffleBytes-EraseBytes-
#129846	REDUCE cov: 1330 ft: 7227 corp: 1398/285Kb lim: 2476 exec/s: 1014 rss: 586Mb L: 158/2488 MS: 1 EraseBytes-
#130167	REDUCE cov: 1330 ft: 7227 corp: 1398/285Kb lim: 2476 exec/s: 1016 rss: 586Mb L: 141/2488 MS: 1 EraseBytes-
#130404	REDUCE cov: 1330 ft: 7227 corp: 1398/285Kb lim: 2476 exec/s: 1018 rss: 586Mb L: 348/2488 MS: 2 EraseBytes-CopyPart-
#130630	REDUCE cov: 1330 ft: 7227 corp: 1398/285Kb lim: 2476 exec/s: 1020 rss: 586Mb L: 104/2488 MS: 1 EraseBytes-
#131072	pulse  cov: 1330 ft: 7227 corp: 1398/285Kb lim: 2476 exec/s: 1024 rss: 586Mb
#131612	REDUCE cov: 1330 ft: 7227 corp: 1398/285Kb lim: 2476 exec/s: 1028 rss: 586Mb L: 217/2488 MS: 2 ChangeByte-EraseBytes-
#131644	REDUCE cov: 1330 ft: 7227 corp: 1398/285Kb lim: 2476 exec/s: 1028 rss: 586Mb L: 26/2488 MS: 2 CrossOver-EraseBytes-
#131750	REDUCE cov: 1330 ft: 7227 corp: 1398/285Kb lim: 2476 exec/s: 1029 rss: 586Mb L: 132/2488 MS: 1 EraseBytes-
#132112	REDUCE cov: 1330 ft: 7227 corp: 1398/285Kb lim: 2476 exec/s: 1032 rss: 586Mb L: 17/2488 MS: 2 ChangeBit-EraseBytes-
#132889	REDUCE cov: 1330 ft: 7227 corp: 1398/285Kb lim: 2476 exec/s: 1038 rss: 586Mb L: 42/2488 MS: 2 ChangeBinInt-EraseBytes-
#133292	RELOAD cov: 1330 ft: 7229 corp: 1400/285Kb lim: 2476 exec/s: 980 rss: 586Mb
#133358	REDUCE cov: 1330 ft: 7229 corp: 1400/285Kb lim: 2476 exec/s: 980 rss: 586Mb L: 48/2488 MS: 1 EraseBytes-
#133664	REDUCE cov: 1330 ft: 7229 corp: 1400/285Kb lim: 2476 exec/s: 982 rss: 586Mb L: 85/2488 MS: 1 EraseBytes-
#133990	REDUCE cov: 1330 ft: 7229 corp: 1400/285Kb lim: 2476 exec/s: 985 rss: 586Mb L: 14/2488 MS: 1 EraseBytes-
#134083	REDUCE cov: 1330 ft: 7229 corp: 1400/285Kb lim: 2476 exec/s: 985 rss: 586Mb L: 144/2488 MS: 3 ShuffleBytes-PersAutoDict-EraseBytes- DE: "_pr"-
#134266	REDUCE cov: 1330 ft: 7229 corp: 1400/285Kb lim: 2476 exec/s: 980 rss: 586Mb L: 124/2488 MS: 3 ChangeBit-InsertByte-EraseBytes-
#134993	REDUCE cov: 1330 ft: 7229 corp: 1400/285Kb lim: 2476 exec/s: 985 rss: 586Mb L: 620/2488 MS: 2 ShuffleBytes-EraseBytes-
#135005	REDUCE cov: 1330 ft: 7229 corp: 1400/285Kb lim: 2476 exec/s: 985 rss: 586Mb L: 1285/2488 MS: 2 CrossOver-EraseBytes-
#135526	REDUCE cov: 1330 ft: 7229 corp: 1400/285Kb lim: 2476 exec/s: 989 rss: 586Mb L: 3/2488 MS: 1 EraseBytes-
#136002	REDUCE cov: 1330 ft: 7229 corp: 1400/285Kb lim: 2476 exec/s: 992 rss: 586Mb L: 90/2488 MS: 1 EraseBytes-
#136048	REDUCE cov: 1330 ft: 7229 corp: 1400/285Kb lim: 2476 exec/s: 993 rss: 586Mb L: 47/2488 MS: 1 EraseBytes-
#136575	REDUCE cov: 1330 ft: 7229 corp: 1400/285Kb lim: 2476 exec/s: 996 rss: 586Mb L: 73/2488 MS: 2 InsertByte-EraseBytes-
#137771	REDUCE cov: 1330 ft: 7229 corp: 1400/285Kb lim: 2487 exec/s: 1005 rss: 586Mb L: 30/2488 MS: 1 EraseBytes-
#138535	REDUCE cov: 1330 ft: 7229 corp: 1400/285Kb lim: 2487 exec/s: 1011 rss: 586Mb L: 122/2488 MS: 4 CopyPart-InsertByte-EraseBytes-EraseBytes-
#139347	REDUCE cov: 1330 ft: 7229 corp: 1400/285Kb lim: 2487 exec/s: 1017 rss: 586Mb L: 259/2488 MS: 2 EraseBytes-CopyPart-
#139512	REDUCE cov: 1330 ft: 7229 corp: 1400/285Kb lim: 2487 exec/s: 1018 rss: 586Mb L: 465/2488 MS: 5 CopyPart-ChangeBit-ChangeBit-CMP-EraseBytes- DE: "\377\377\377\377\377\377\001&"-
#139853	REDUCE cov: 1330 ft: 7229 corp: 1400/285Kb lim: 2487 exec/s: 1020 rss: 586Mb L: 161/2488 MS: 1 EraseBytes-
#139874	REDUCE cov: 1330 ft: 7229 corp: 1400/285Kb lim: 2487 exec/s: 1020 rss: 586Mb L: 114/2488 MS: 1 EraseBytes-
#140480	REDUCE cov: 1330 ft: 7229 corp: 1400/285Kb lim: 2487 exec/s: 1025 rss: 586Mb L: 6/2488 MS: 1 EraseBytes-
#140688	REDUCE cov: 1330 ft: 7229 corp: 1400/285Kb lim: 2487 exec/s: 1026 rss: 586Mb L: 6/2488 MS: 3 CopyPart-ChangeBinInt-EraseBytes-
#143404	REDUCE cov: 1330 ft: 7229 corp: 1400/284Kb lim: 2509 exec/s: 988 rss: 586Mb L: 233/2488 MS: 2 ChangeBinInt-EraseBytes-
#144000	REDUCE cov: 1330 ft: 7229 corp: 1400/284Kb lim: 2509 exec/s: 993 rss: 586Mb L: 4/2488 MS: 1 EraseBytes-
#144396	REDUCE cov: 1330 ft: 7229 corp: 1400/284Kb lim: 2509 exec/s: 995 rss: 586Mb L: 48/2488 MS: 1 EraseBytes-
#145407	REDUCE cov: 1330 ft: 7229 corp: 1400/284Kb lim: 2509 exec/s: 1002 rss: 586Mb L: 45/2488 MS: 1 EraseBytes-
#146803	REDUCE cov: 1330 ft: 7229 corp: 1400/284Kb lim: 2520 exec/s: 1012 rss: 586Mb L: 160/2488 MS: 1 EraseBytes-
#147874	REDUCE cov: 1330 ft: 7229 corp: 1400/284Kb lim: 2520 exec/s: 1019 rss: 586Mb L: 143/2488 MS: 1 EraseBytes-
#148071	REDUCE cov: 1330 ft: 7229 corp: 1400/284Kb lim: 2520 exec/s: 1021 rss: 586Mb L: 342/2488 MS: 2 CrossOver-EraseBytes-
#149852	REDUCE cov: 1330 ft: 7229 corp: 1400/284Kb lim: 2531 exec/s: 1033 rss: 586Mb L: 85/2488 MS: 1 EraseBytes-
#150318	REDUCE cov: 1330 ft: 7229 corp: 1400/284Kb lim: 2531 exec/s: 1036 rss: 586Mb L: 361/2488 MS: 1 EraseBytes-
#150364	REDUCE cov: 1330 ft: 7229 corp: 1400/284Kb lim: 2531 exec/s: 1036 rss: 586Mb L: 208/2488 MS: 1 EraseBytes-
#150604	REDUCE cov: 1330 ft: 7229 corp: 1400/284Kb lim: 2531 exec/s: 1038 rss: 586Mb L: 84/2488 MS: 5 ChangeBinInt-ChangeByte-InsertRepeatedBytes-ChangeBit-EraseBytes-
#150635	REDUCE cov: 1330 ft: 7229 corp: 1400/284Kb lim: 2531 exec/s: 1038 rss: 586Mb L: 47/2488 MS: 1 EraseBytes-
#150731	REDUCE cov: 1330 ft: 7229 corp: 1400/284Kb lim: 2531 exec/s: 1039 rss: 586Mb L: 44/2488 MS: 1 EraseBytes-
#150772	REDUCE cov: 1330 ft: 7229 corp: 1400/284Kb lim: 2531 exec/s: 1039 rss: 586Mb L: 22/2488 MS: 1 EraseBytes-
#150808	REDUCE cov: 1330 ft: 7229 corp: 1400/284Kb lim: 2531 exec/s: 1040 rss: 586Mb L: 47/2488 MS: 1 EraseBytes-
#150934	RELOAD cov: 1330 ft: 7231 corp: 1402/288Kb lim: 2531 exec/s: 980 rss: 586Mb
#150948	REDUCE cov: 1330 ft: 7231 corp: 1402/288Kb lim: 2531 exec/s: 980 rss: 586Mb L: 497/2488 MS: 4 ChangeASCIIInt-ChangeASCIIInt-ShuffleBytes-EraseBytes-
#152980	REDUCE cov: 1330 ft: 7231 corp: 1402/288Kb lim: 2542 exec/s: 993 rss: 586Mb L: 140/2488 MS: 2 ChangeByte-EraseBytes-
#153426	REDUCE cov: 1330 ft: 7231 corp: 1402/288Kb lim: 2542 exec/s: 996 rss: 586Mb L: 8/2488 MS: 1 EraseBytes-
#153562	REDUCE cov: 1330 ft: 7231 corp: 1402/288Kb lim: 2542 exec/s: 997 rss: 586Mb L: 68/2488 MS: 1 EraseBytes-
#153616	REDUCE cov: 1330 ft: 7231 corp: 1402/288Kb lim: 2542 exec/s: 997 rss: 586Mb L: 127/2488 MS: 4 CrossOver-ChangeBit-ShuffleBytes-EraseBytes-
#153697	REDUCE cov: 1330 ft: 7231 corp: 1402/288Kb lim: 2542 exec/s: 998 rss: 586Mb L: 163/2488 MS: 1 EraseBytes-
#154758	REDUCE cov: 1330 ft: 7231 corp: 1402/288Kb lim: 2542 exec/s: 998 rss: 586Mb L: 233/2488 MS: 1 EraseBytes-
#155039	REDUCE cov: 1330 ft: 7231 corp: 1402/288Kb lim: 2542 exec/s: 1000 rss: 586Mb L: 71/2488 MS: 1 EraseBytes-
#156050	REDUCE cov: 1330 ft: 7231 corp: 1402/288Kb lim: 2542 exec/s: 1006 rss: 586Mb L: 1777/2488 MS: 1 EraseBytes-
#156376	REDUCE cov: 1330 ft: 7231 corp: 1402/288Kb lim: 2542 exec/s: 1008 rss: 586Mb L: 1415/2488 MS: 1 EraseBytes-
#157363	REDUCE cov: 1330 ft: 7231 corp: 1402/288Kb lim: 2542 exec/s: 1015 rss: 586Mb L: 1635/2488 MS: 2 ChangeASCIIInt-EraseBytes-
#157644	REDUCE cov: 1330 ft: 7231 corp: 1402/288Kb lim: 2542 exec/s: 1017 rss: 586Mb L: 224/2488 MS: 1 EraseBytes-
#158400	REDUCE cov: 1330 ft: 7231 corp: 1402/288Kb lim: 2542 exec/s: 1021 rss: 586Mb L: 95/2488 MS: 1 EraseBytes-
#158436	REDUCE cov: 1330 ft: 7231 corp: 1402/288Kb lim: 2542 exec/s: 1022 rss: 586Mb L: 25/2488 MS: 1 EraseBytes-
#160245	REDUCE cov: 1330 ft: 7231 corp: 1402/288Kb lim: 2553 exec/s: 983 rss: 586Mb L: 110/2488 MS: 3 ChangeBit-ChangeByte-EraseBytes-
#160663	REDUCE cov: 1330 ft: 7231 corp: 1402/287Kb lim: 2553 exec/s: 985 rss: 586Mb L: 1325/2488 MS: 3 InsertRepeatedBytes-PersAutoDict-EraseBytes- DE: "\001\000\0000"-
#161164	REDUCE cov: 1330 ft: 7231 corp: 1402/287Kb lim: 2553 exec/s: 988 rss: 586Mb L: 69/2488 MS: 1 EraseBytes-
#161250	REDUCE cov: 1330 ft: 7231 corp: 1402/287Kb lim: 2553 exec/s: 989 rss: 586Mb L: 9/2488 MS: 1 EraseBytes-
#161868	REDUCE cov: 1330 ft: 7231 corp: 1402/287Kb lim: 2553 exec/s: 993 rss: 586Mb L: 95/2488 MS: 3 ChangeBit-CMP-EraseBytes- DE: "\001\000\000\000\000\000\000\000"-
#162674	REDUCE cov: 1330 ft: 7231 corp: 1402/287Kb lim: 2553 exec/s: 998 rss: 586Mb L: 183/2488 MS: 1 EraseBytes-
#162740	REDUCE cov: 1330 ft: 7231 corp: 1402/287Kb lim: 2553 exec/s: 998 rss: 586Mb L: 665/2488 MS: 1 EraseBytes-
#164057	REDUCE cov: 1330 ft: 7231 corp: 1402/287Kb lim: 2564 exec/s: 1006 rss: 586Mb L: 162/2488 MS: 2 ShuffleBytes-EraseBytes-
#164137	REDUCE cov: 1330 ft: 7231 corp: 1402/287Kb lim: 2564 exec/s: 1006 rss: 586Mb L: 801/2488 MS: 5 CrossOver-ShuffleBytes-ChangeByte-ChangeBinInt-EraseBytes-
#164708	REDUCE cov: 1330 ft: 7231 corp: 1402/287Kb lim: 2564 exec/s: 1010 rss: 586Mb L: 84/2488 MS: 1 EraseBytes-
#166049	REDUCE cov: 1330 ft: 7231 corp: 1402/287Kb lim: 2575 exec/s: 1018 rss: 586Mb L: 101/2488 MS: 1 EraseBytes-
#166521	REDUCE cov: 1330 ft: 7231 corp: 1402/287Kb lim: 2575 exec/s: 1021 rss: 586Mb L: 50/2488 MS: 2 CMP-EraseBytes- DE: "null"-
#166552	REDUCE cov: 1330 ft: 7231 corp: 1402/287Kb lim: 2575 exec/s: 1021 rss: 586Mb L: 147/2488 MS: 1 EraseBytes-
#167123	REDUCE cov: 1330 ft: 7231 corp: 1402/287Kb lim: 2575 exec/s: 1025 rss: 586Mb L: 70/2488 MS: 1 EraseBytes-
#167206	REDUCE cov: 1330 ft: 7231 corp: 1402/287Kb lim: 2575 exec/s: 1025 rss: 586Mb L: 8/2488 MS: 3 PersAutoDict-ShuffleBytes-EraseBytes- DE: "s4e"-
#167777	REDUCE cov: 1330 ft: 7231 corp: 1402/287Kb lim: 2575 exec/s: 1023 rss: 586Mb L: 84/2488 MS: 1 EraseBytes-
#168384	REDUCE cov: 1330 ft: 7231 corp: 1402/287Kb lim: 2575 exec/s: 1026 rss: 586Mb L: 62/2488 MS: 2 ShuffleBytes-EraseBytes-
#169158	RELOAD cov: 1330 ft: 7233 corp: 1404/291Kb lim: 2575 exec/s: 977 rss: 586Mb
#169310	REDUCE cov: 1330 ft: 7233 corp: 1404/291Kb lim: 2575 exec/s: 978 rss: 586Mb L: 658/2488 MS: 2 CopyPart-EraseBytes-
#169541	REDUCE cov: 1330 ft: 7233 corp: 1404/291Kb lim: 2575 exec/s: 980 rss: 586Mb L: 11/2488 MS: 1 EraseBytes-
#170232	REDUCE cov: 1330 ft: 7233 corp: 1404/291Kb lim: 2575 exec/s: 984 rss: 586Mb L: 45/2488 MS: 1 EraseBytes-
#170509	REDUCE cov: 1330 ft: 7233 corp: 1404/291Kb lim: 2575 exec/s: 985 rss: 586Mb L: 99/2488 MS: 2 PersAutoDict-EraseBytes- DE: "null"-
#170620	REDUCE cov: 1330 ft: 7233 corp: 1404/291Kb lim: 2575 exec/s: 986 rss: 586Mb L: 61/2488 MS: 1 EraseBytes-
#170717	REDUCE cov: 1330 ft: 7233 corp: 1404/291Kb lim: 2575 exec/s: 986 rss: 586Mb L: 16/2488 MS: 2 ChangeByte-EraseBytes-
#171476	REDUCE cov: 1330 ft: 7233 corp: 1404/291Kb lim: 2575 exec/s: 991 rss: 586Mb L: 638/2488 MS: 4 ChangeASCIIInt-InsertByte-ChangeBinInt-EraseBytes-
#171659	REDUCE cov: 1330 ft: 7233 corp: 1404/291Kb lim: 2575 exec/s: 992 rss: 586Mb L: 178/2488 MS: 3 ShuffleBytes-InsertByte-EraseBytes-
#172710	REDUCE cov: 1330 ft: 7233 corp: 1404/291Kb lim: 2575 exec/s: 998 rss: 586Mb L: 58/2488 MS: 1 EraseBytes-
#173928	REDUCE cov: 1330 ft: 7233 corp: 1404/291Kb lim: 2586 exec/s: 1005 rss: 586Mb L: 77/2488 MS: 3 CrossOver-PersAutoDict-EraseBytes- DE: "as"-
#173990	REDUCE cov: 1330 ft: 7233 corp: 1404/291Kb lim: 2586 exec/s: 1005 rss: 586Mb L: 39/2488 MS: 2 ShuffleBytes-EraseBytes-
#174131	REDUCE cov: 1330 ft: 7233 corp: 1404/291Kb lim: 2586 exec/s: 1006 rss: 586Mb L: 168/2488 MS: 1 EraseBytes-
#175288	REDUCE cov: 1330 ft: 7233 corp: 1404/291Kb lim: 2597 exec/s: 1013 rss: 586Mb L: 1590/2488 MS: 2 ChangeASCIIInt-EraseBytes-
#175500	REDUCE cov: 1330 ft: 7233 corp: 1404/291Kb lim: 2597 exec/s: 1014 rss: 586Mb L: 97/2488 MS: 2 ShuffleBytes-EraseBytes-
#176087	REDUCE cov: 1330 ft: 7233 corp: 1404/291Kb lim: 2597 exec/s: 1011 rss: 586Mb L: 20/2488 MS: 2 EraseBytes-ChangeBit-
#176448	REDUCE cov: 1330 ft: 7233 corp: 1404/291Kb lim: 2597 exec/s: 1014 rss: 586Mb L: 17/2488 MS: 1 EraseBytes-
#176604	REDUCE cov: 1330 ft: 7233 corp: 1404/291Kb lim: 2597 exec/s: 1014 rss: 586Mb L: 551/2488 MS: 1 EraseBytes-
#177445	REDUCE cov: 1330 ft: 7233 corp: 1404/291Kb lim: 2597 exec/s: 1019 rss: 586Mb L: 10/2488 MS: 1 EraseBytes-
#177701	REDUCE cov: 1330 ft: 7233 corp: 1404/291Kb lim: 2597 exec/s: 1021 rss: 586Mb L: 128/2488 MS: 1 EraseBytes-
#178234	REDUCE cov: 1330 ft: 7233 corp: 1404/291Kb lim: 2597 exec/s: 1024 rss: 586Mb L: 88/2488 MS: 3 PersAutoDict-EraseBytes-InsertByte- DE: "\020\000\000\000"-
#178316	REDUCE cov: 1330 ft: 7233 corp: 1404/291Kb lim: 2597 exec/s: 1024 rss: 586Mb L: 143/2488 MS: 2 CopyPart-EraseBytes-
#178904	REDUCE cov: 1330 ft: 7233 corp: 1404/291Kb lim: 2597 exec/s: 1028 rss: 586Mb L: 35/2488 MS: 3 ChangeByte-EraseBytes-CopyPart-
#179420	REDUCE cov: 1330 ft: 7233 corp: 1404/291Kb lim: 2597 exec/s: 1031 rss: 586Mb L: 28/2488 MS: 1 EraseBytes-
#179503	REDUCE cov: 1330 ft: 7233 corp: 1404/291Kb lim: 2597 exec/s: 1031 rss: 586Mb L: 385/2488 MS: 3 ShuffleBytes-ChangeASCIIInt-EraseBytes-
#179795	REDUCE cov: 1330 ft: 7233 corp: 1404/291Kb lim: 2597 exec/s: 1033 rss: 586Mb L: 206/2488 MS: 2 ChangeBit-EraseBytes-
#180126	REDUCE cov: 1330 ft: 7233 corp: 1404/291Kb lim: 2597 exec/s: 989 rss: 586Mb L: 47/2488 MS: 1 EraseBytes-
#180282	REDUCE cov: 1330 ft: 7233 corp: 1404/291Kb lim: 2597 exec/s: 990 rss: 586Mb L: 10/2488 MS: 1 EraseBytes-
#180865	REDUCE cov: 1330 ft: 7233 corp: 1404/291Kb lim: 2597 exec/s: 993 rss: 586Mb L: 23/2488 MS: 3 ChangeBit-CrossOver-EraseBytes-
#181786	REDUCE cov: 1330 ft: 7233 corp: 1404/291Kb lim: 2597 exec/s: 993 rss: 586Mb L: 83/2488 MS: 1 EraseBytes-
#182663	REDUCE cov: 1330 ft: 7233 corp: 1404/291Kb lim: 2597 exec/s: 998 rss: 586Mb L: 883/2488 MS: 2 CMP-EraseBytes- DE: "gtgt"-
#183089	REDUCE cov: 1330 ft: 7233 corp: 1404/291Kb lim: 2597 exec/s: 1000 rss: 586Mb L: 31/2488 MS: 1 EraseBytes-
#183380	REDUCE cov: 1330 ft: 7233 corp: 1404/291Kb lim: 2597 exec/s: 1002 rss: 586Mb L: 116/2488 MS: 1 EraseBytes-
#183411	REDUCE cov: 1330 ft: 7233 corp: 1404/291Kb lim: 2597 exec/s: 1002 rss: 586Mb L: 469/2488 MS: 1 EraseBytes-
#183679	REDUCE cov: 1330 ft: 7233 corp: 1404/291Kb lim: 2597 exec/s: 1003 rss: 586Mb L: 37/2488 MS: 3 InsertRepeatedBytes-InsertByte-EraseBytes-
#183712	REDUCE cov: 1330 ft: 7233 corp: 1404/291Kb lim: 2597 exec/s: 1003 rss: 586Mb L: 269/2488 MS: 3 ChangeBinInt-ChangeBit-EraseBytes-
#184193	REDUCE cov: 1330 ft: 7233 corp: 1404/291Kb lim: 2597 exec/s: 1006 rss: 586Mb L: 17/2488 MS: 1 EraseBytes-
#184460	REDUCE cov: 1330 ft: 7233 corp: 1404/291Kb lim: 2597 exec/s: 1007 rss: 586Mb L: 20/2488 MS: 2 CopyPart-EraseBytes-
#184652	REDUCE cov: 1330 ft: 7233 corp: 1404/291Kb lim: 2597 exec/s: 1009 rss: 586Mb L: 83/2488 MS: 2 InsertRepeatedBytes-EraseBytes-
#184693	REDUCE cov: 1330 ft: 7233 corp: 1404/291Kb lim: 2597 exec/s: 1009 rss: 586Mb L: 224/2488 MS: 1 EraseBytes-
#184844	REDUCE cov: 1330 ft: 7233 corp: 1404/291Kb lim: 2597 exec/s: 1010 rss: 586Mb L: 301/2488 MS: 1 EraseBytes-
#185495	REDUCE cov: 1330 ft: 7233 corp: 1404/291Kb lim: 2597 exec/s: 1013 rss: 586Mb L: 617/2488 MS: 1 EraseBytes-
#185669	REDUCE cov: 1330 ft: 7233 corp: 1404/291Kb lim: 2597 exec/s: 1014 rss: 586Mb L: 337/2488 MS: 4 CopyPart-ChangeBinInt-ChangeBinInt-EraseBytes-
#186365	REDUCE cov: 1330 ft: 7233 corp: 1404/290Kb lim: 2597 exec/s: 1018 rss: 586Mb L: 74/2488 MS: 1 EraseBytes-
#186376	REDUCE cov: 1330 ft: 7233 corp: 1404/290Kb lim: 2597 exec/s: 1018 rss: 586Mb L: 932/2488 MS: 1 EraseBytes-
#187104	REDUCE cov: 1330 ft: 7233 corp: 1404/290Kb lim: 2597 exec/s: 1022 rss: 586Mb L: 52/2488 MS: 3 InsertByte-CMP-EraseBytes- DE: "true"-
#187231	REDUCE cov: 1330 ft: 7233 corp: 1404/290Kb lim: 2597 exec/s: 1023 rss: 586Mb L: 194/2488 MS: 2 ShuffleBytes-EraseBytes-
#187644	REDUCE cov: 1330 ft: 7233 corp: 1404/290Kb lim: 2597 exec/s: 1025 rss: 586Mb L: 410/2488 MS: 3 CopyPart-ChangeASCIIInt-CrossOver-
#187695	REDUCE cov: 1330 ft: 7233 corp: 1404/290Kb lim: 2597 exec/s: 1025 rss: 586Mb L: 45/2488 MS: 1 EraseBytes-
#187806	REDUCE cov: 1330 ft: 7233 corp: 1404/290Kb lim: 2597 exec/s: 1026 rss: 586Mb L: 174/2488 MS: 1 EraseBytes-
#188842	REDUCE cov: 1330 ft: 7233 corp: 1404/290Kb lim: 2597 exec/s: 1031 rss: 586Mb L: 38/2488 MS: 1 EraseBytes-
#189134	RELOAD cov: 1330 ft: 7236 corp: 1406/291Kb lim: 2597 exec/s: 985 rss: 586Mb
#189302	REDUCE cov: 1330 ft: 7236 corp: 1406/291Kb lim: 2597 exec/s: 985 rss: 586Mb L: 253/2488 MS: 3 CopyPart-EraseBytes-EraseBytes-
#189798	REDUCE cov: 1330 ft: 7236 corp: 1406/291Kb lim: 2597 exec/s: 988 rss: 586Mb L: 192/2488 MS: 1 EraseBytes-
#189944	REDUCE cov: 1330 ft: 7236 corp: 1406/291Kb lim: 2597 exec/s: 989 rss: 586Mb L: 66/2488 MS: 1 EraseBytes-
#190926	REDUCE cov: 1330 ft: 7236 corp: 1406/291Kb lim: 2597 exec/s: 994 rss: 586Mb L: 143/2488 MS: 2 ShuffleBytes-EraseBytes-
#190952	REDUCE cov: 1330 ft: 7236 corp: 1406/291Kb lim: 2597 exec/s: 994 rss: 586Mb L: 58/2488 MS: 1 EraseBytes-
#191953	REDUCE cov: 1330 ft: 7236 corp: 1406/291Kb lim: 2597 exec/s: 999 rss: 586Mb L: 1031/2488 MS: 1 EraseBytes-
#192799	REDUCE cov: 1330 ft: 7236 corp: 1406/291Kb lim: 2597 exec/s: 1004 rss: 586Mb L: 133/2488 MS: 1 EraseBytes-
#193255	REDUCE cov: 1330 ft: 7236 corp: 1406/291Kb lim: 2597 exec/s: 1001 rss: 586Mb L: 6/2488 MS: 1 EraseBytes-
#193313	REDUCE cov: 1330 ft: 7236 corp: 1406/291Kb lim: 2597 exec/s: 1001 rss: 586Mb L: 22/2488 MS: 3 CopyPart-ChangeBit-EraseBytes-
#193320	REDUCE cov: 1330 ft: 7236 corp: 1406/291Kb lim: 2597 exec/s: 1001 rss: 586Mb L: 5/2488 MS: 2 EraseBytes-EraseBytes-
#193474	REDUCE cov: 1330 ft: 7236 corp: 1406/291Kb lim: 2597 exec/s: 1002 rss: 586Mb L: 114/2488 MS: 4 CrossOver-ChangeASCIIInt-ChangeBinInt-EraseBytes-
#193816	REDUCE cov: 1330 ft: 7236 corp: 1406/291Kb lim: 2597 exec/s: 1004 rss: 586Mb L: 161/2488 MS: 2 CopyPart-EraseBytes-
#193898	REDUCE cov: 1330 ft: 7236 corp: 1406/291Kb lim: 2597 exec/s: 1004 rss: 586Mb L: 493/2488 MS: 2 ChangeByte-EraseBytes-
#194465	REDUCE cov: 1330 ft: 7236 corp: 1406/291Kb lim: 2597 exec/s: 1007 rss: 586Mb L: 64/2488 MS: 2 PersAutoDict-EraseBytes- DE: "s4e"-
#195211	REDUCE cov: 1330 ft: 7236 corp: 1406/291Kb lim: 2597 exec/s: 1011 rss: 586Mb L: 39/2488 MS: 1 EraseBytes-
#195231	REDUCE cov: 1330 ft: 7236 corp: 1406/291Kb lim: 2597 exec/s: 1011 rss: 586Mb L: 900/2488 MS: 5 ChangeBit-ChangeByte-CMP-ChangeByte-EraseBytes- DE: "end"-
#195651	REDUCE cov: 1330 ft: 7236 corp: 1406/291Kb lim: 2597 exec/s: 1013 rss: 586Mb L: 32/2488 MS: 5 ChangeByte-ChangeBinInt-ChangeBinInt-ChangeBit-EraseBytes-
#195889	REDUCE cov: 1330 ft: 7236 corp: 1406/291Kb lim: 2597 exec/s: 1014 rss: 586Mb L: 208/2488 MS: 3 PersAutoDict-PersAutoDict-EraseBytes- DE: "null"-"end"-
#196727	REDUCE cov: 1330 ft: 7236 corp: 1406/291Kb lim: 2597 exec/s: 1019 rss: 586Mb L: 25/2488 MS: 3 ChangeByte-CopyPart-EraseBytes-
#196760	REDUCE cov: 1330 ft: 7236 corp: 1406/291Kb lim: 2597 exec/s: 1019 rss: 586Mb L: 24/2488 MS: 3 ShuffleBytes-CopyPart-EraseBytes-
#196967	REDUCE cov: 1330 ft: 7236 corp: 1406/291Kb lim: 2597 exec/s: 1020 rss: 586Mb L: 217/2488 MS: 2 ChangeBit-EraseBytes-
#197188	REDUCE cov: 1330 ft: 7236 corp: 1406/291Kb lim: 2597 exec/s: 1021 rss: 586Mb L: 222/2488 MS: 1 EraseBytes-
#197485	REDUCE cov: 1330 ft: 7236 corp: 1406/291Kb lim: 2597 exec/s: 1023 rss: 586Mb L: 18/2488 MS: 2 CMP-EraseBytes- DE: "\020\000"-
#197606	REDUCE cov: 1330 ft: 7236 corp: 1406/291Kb lim: 2597 exec/s: 1023 rss: 586Mb L: 145/2488 MS: 1 EraseBytes-
#197868	RELOAD cov: 1330 ft: 7237 corp: 1407/291Kb lim: 2597 exec/s: 984 rss: 586Mb
#197868	DONE   cov: 1330 ft: 7237 corp: 1407/291Kb lim: 2597 exec/s: 984 rss: 586Mb
###### Recommended dictionary. ######
"_pr" # Uses: 1849
"\026\000\000\000\000\000\000\000" # Uses: 1695
"s4e" # Uses: 1664
"gith" # Uses: 1324
"\001\000\0000" # Uses: 1218
"\011\000" # Uses: 1141
"true" # Uses: 998
"as" # Uses: 981
"\000\000\000\000\000\000\000\005" # Uses: 862
"t\000" # Uses: 810
"\002\000\000\000\000\000\000\000" # Uses: 746
"\020\000\000\000" # Uses: 439
"\377\377\377\377\377\377\001&" # Uses: 343
"\001\000\000\000\000\000\000\000" # Uses: 212
"null" # Uses: 164
"gtgt" # Uses: 80
"end" # Uses: 15
"\020\000" # Uses: 1
###### End of recommended dictionary. ######
Done 197868 runs in 201 second(s)
